[2025-05-08T09:12:03.655+0530][gc] Using G1
[2025-05-08T09:12:03.660+0530][gc,init] Version: 17.0.14+7-Ubuntu-124.04 (release)
[2025-05-08T09:12:03.660+0530][gc,init] CPUs: 16 total, 16 available
[2025-05-08T09:12:03.660+0530][gc,init] Memory: 31918M
[2025-05-08T09:12:03.660+0530][gc,init] Large Page Support: Disabled
[2025-05-08T09:12:03.660+0530][gc,init] NUMA Support: Disabled
[2025-05-08T09:12:03.660+0530][gc,init] Compressed Oops: Enabled (32-bit)
[2025-05-08T09:12:03.660+0530][gc,init] Heap Region Size: 1M
[2025-05-08T09:12:03.660+0530][gc,init] Heap Min Capacity: 1G
[2025-05-08T09:12:03.660+0530][gc,init] Heap Initial Capacity: 1G
[2025-05-08T09:12:03.660+0530][gc,init] Heap Max Capacity: 1G
[2025-05-08T09:12:03.660+0530][gc,init] Pre-touch: Disabled
[2025-05-08T09:12:03.660+0530][gc,init] Parallel Workers: 13
[2025-05-08T09:12:03.660+0530][gc,init] Concurrent Workers: 3
[2025-05-08T09:12:03.660+0530][gc,init] Concurrent Refinement Workers: 13
[2025-05-08T09:12:03.660+0530][gc,init] Periodic GC: Disabled
[2025-05-08T09:12:03.664+0530][gc,metaspace] CDS archive(s) mapped at: [0x0000757ddf000000-0x0000757ddfbc9000-0x0000757ddfbc9000), size 12357632, SharedBaseAddress: 0x0000757ddf000000, ArchiveRelocationMode: 1.
[2025-05-08T09:12:03.664+0530][gc,metaspace] Compressed class space mapped at: 0x0000757de0000000-0x0000757e20000000, reserved size: 1073741824
[2025-05-08T09:12:03.664+0530][gc,metaspace] Narrow klass base: 0x0000757ddf000000, Narrow klass shift: 0, Narrow klass range: 0x100000000
[2025-05-08T09:12:04.125+0530][gc,start    ] GC(0) Pause Young (Normal) (G1 Evacuation Pause)
[2025-05-08T09:12:04.126+0530][gc,task     ] GC(0) Using 13 workers of 13 for evacuation
[2025-05-08T09:12:04.127+0530][gc,phases   ] GC(0)   Pre Evacuate Collection Set: 0.0ms
[2025-05-08T09:12:04.127+0530][gc,phases   ] GC(0)   Merge Heap Roots: 0.0ms
[2025-05-08T09:12:04.127+0530][gc,phases   ] GC(0)   Evacuate Collection Set: 1.5ms
[2025-05-08T09:12:04.127+0530][gc,phases   ] GC(0)   Post Evacuate Collection Set: 0.2ms
[2025-05-08T09:12:04.127+0530][gc,phases   ] GC(0)   Other: 0.5ms
[2025-05-08T09:12:04.127+0530][gc,heap     ] GC(0) Eden regions: 51->0(44)
[2025-05-08T09:12:04.127+0530][gc,heap     ] GC(0) Survivor regions: 0->7(7)
[2025-05-08T09:12:04.127+0530][gc,heap     ] GC(0) Old regions: 0->1
[2025-05-08T09:12:04.127+0530][gc,heap     ] GC(0) Archive regions: 2->2
[2025-05-08T09:12:04.127+0530][gc,heap     ] GC(0) Humongous regions: 0->0
[2025-05-08T09:12:04.127+0530][gc,metaspace] GC(0) Metaspace: 16540K(16704K)->16540K(16704K) NonClass: 14639K(14720K)->14639K(14720K) Class: 1900K(1984K)->1900K(1984K)
[2025-05-08T09:12:04.127+0530][gc          ] GC(0) Pause Young (Normal) (G1 Evacuation Pause) 51M->8M(1024M) 2.387ms
[2025-05-08T09:12:04.127+0530][gc,cpu      ] GC(0) User=0.01s Sys=0.01s Real=0.01s
[2025-05-08T09:12:04.256+0530][gc,start    ] GC(1) Pause Young (Concurrent Start) (Metadata GC Threshold)
[2025-05-08T09:12:04.256+0530][gc,task     ] GC(1) Using 13 workers of 13 for evacuation
[2025-05-08T09:12:04.257+0530][gc,phases   ] GC(1)   Pre Evacuate Collection Set: 0.1ms
[2025-05-08T09:12:04.258+0530][gc,phases   ] GC(1)   Merge Heap Roots: 0.0ms
[2025-05-08T09:12:04.258+0530][gc,phases   ] GC(1)   Evacuate Collection Set: 1.3ms
[2025-05-08T09:12:04.258+0530][gc,phases   ] GC(1)   Post Evacuate Collection Set: 0.2ms
[2025-05-08T09:12:04.258+0530][gc,phases   ] GC(1)   Other: 0.1ms
[2025-05-08T09:12:04.258+0530][gc,heap     ] GC(1) Eden regions: 15->0(49)
[2025-05-08T09:12:04.258+0530][gc,heap     ] GC(1) Survivor regions: 7->2(7)
[2025-05-08T09:12:04.258+0530][gc,heap     ] GC(1) Old regions: 1->8
[2025-05-08T09:12:04.258+0530][gc,heap     ] GC(1) Archive regions: 2->2
[2025-05-08T09:12:04.258+0530][gc,heap     ] GC(1) Humongous regions: 0->0
[2025-05-08T09:12:04.258+0530][gc,metaspace] GC(1) Metaspace: 21291K(21504K)->21291K(21504K) NonClass: 18676K(18752K)->18676K(18752K) Class: 2615K(2752K)->2615K(2752K)
[2025-05-08T09:12:04.258+0530][gc          ] GC(1) Pause Young (Concurrent Start) (Metadata GC Threshold) 23M->10M(1024M) 1.812ms
[2025-05-08T09:12:04.258+0530][gc,cpu      ] GC(1) User=0.00s Sys=0.01s Real=0.01s
[2025-05-08T09:12:04.258+0530][gc          ] GC(2) Concurrent Mark Cycle
[2025-05-08T09:12:04.258+0530][gc,marking  ] GC(2) Concurrent Clear Claimed Marks
[2025-05-08T09:12:04.258+0530][gc,marking  ] GC(2) Concurrent Clear Claimed Marks 0.010ms
[2025-05-08T09:12:04.258+0530][gc,marking  ] GC(2) Concurrent Scan Root Regions
[2025-05-08T09:12:04.259+0530][gc,marking  ] GC(2) Concurrent Scan Root Regions 0.942ms
[2025-05-08T09:12:04.259+0530][gc,marking  ] GC(2) Concurrent Mark
[2025-05-08T09:12:04.259+0530][gc,marking  ] GC(2) Concurrent Mark From Roots
[2025-05-08T09:12:04.259+0530][gc,task     ] GC(2) Using 3 workers of 3 for marking
[2025-05-08T09:12:04.259+0530][gc,marking  ] GC(2) Concurrent Mark From Roots 0.702ms
[2025-05-08T09:12:04.259+0530][gc,marking  ] GC(2) Concurrent Preclean
[2025-05-08T09:12:04.259+0530][gc,marking  ] GC(2) Concurrent Preclean 0.045ms
[2025-05-08T09:12:04.259+0530][gc,start    ] GC(2) Pause Remark
[2025-05-08T09:12:04.260+0530][gc          ] GC(2) Pause Remark 10M->10M(1024M) 0.725ms
[2025-05-08T09:12:04.260+0530][gc,cpu      ] GC(2) User=0.01s Sys=0.00s Real=0.00s
[2025-05-08T09:12:04.260+0530][gc,marking  ] GC(2) Concurrent Mark 1.601ms
[2025-05-08T09:12:04.260+0530][gc,marking  ] GC(2) Concurrent Rebuild Remembered Sets
[2025-05-08T09:12:04.261+0530][gc,marking  ] GC(2) Concurrent Rebuild Remembered Sets 0.952ms
[2025-05-08T09:12:04.261+0530][gc,start    ] GC(2) Pause Cleanup
[2025-05-08T09:12:04.261+0530][gc          ] GC(2) Pause Cleanup 10M->10M(1024M) 0.071ms
[2025-05-08T09:12:04.261+0530][gc,cpu      ] GC(2) User=0.00s Sys=0.00s Real=0.00s
[2025-05-08T09:12:04.261+0530][gc,marking  ] GC(2) Concurrent Cleanup for Next Mark
[2025-05-08T09:12:04.263+0530][gc,marking  ] GC(2) Concurrent Cleanup for Next Mark 1.809ms
[2025-05-08T09:12:04.263+0530][gc          ] GC(2) Concurrent Mark Cycle 5.509ms
[2025-05-08T09:12:04.691+0530][gc,start    ] GC(3) Pause Young (Normal) (G1 Evacuation Pause)
[2025-05-08T09:12:04.691+0530][gc,task     ] GC(3) Using 13 workers of 13 for evacuation
[2025-05-08T09:12:04.693+0530][gc,phases   ] GC(3)   Pre Evacuate Collection Set: 0.1ms
[2025-05-08T09:12:04.693+0530][gc,phases   ] GC(3)   Merge Heap Roots: 0.0ms
[2025-05-08T09:12:04.693+0530][gc,phases   ] GC(3)   Evacuate Collection Set: 1.8ms
[2025-05-08T09:12:04.693+0530][gc,phases   ] GC(3)   Post Evacuate Collection Set: 0.2ms
[2025-05-08T09:12:04.693+0530][gc,phases   ] GC(3)   Other: 0.1ms
[2025-05-08T09:12:04.693+0530][gc,heap     ] GC(3) Eden regions: 49->0(45)
[2025-05-08T09:12:04.693+0530][gc,heap     ] GC(3) Survivor regions: 2->6(7)
[2025-05-08T09:12:04.693+0530][gc,heap     ] GC(3) Old regions: 8->8
[2025-05-08T09:12:04.693+0530][gc,heap     ] GC(3) Archive regions: 2->2
[2025-05-08T09:12:04.693+0530][gc,heap     ] GC(3) Humongous regions: 9->9
[2025-05-08T09:12:04.693+0530][gc,metaspace] GC(3) Metaspace: 33576K(34048K)->33576K(34048K) NonClass: 29634K(29888K)->29634K(29888K) Class: 3942K(4160K)->3942K(4160K)
[2025-05-08T09:12:04.693+0530][gc          ] GC(3) Pause Young (Normal) (G1 Evacuation Pause) 68M->23M(1024M) 2.241ms
[2025-05-08T09:12:04.693+0530][gc,cpu      ] GC(3) User=0.02s Sys=0.00s Real=0.00s
[2025-05-08T09:12:04.761+0530][gc,start    ] GC(4) Pause Young (Concurrent Start) (Metadata GC Threshold)
[2025-05-08T09:12:04.761+0530][gc,task     ] GC(4) Using 13 workers of 13 for evacuation
[2025-05-08T09:12:04.763+0530][gc,phases   ] GC(4)   Pre Evacuate Collection Set: 0.1ms
[2025-05-08T09:12:04.763+0530][gc,phases   ] GC(4)   Merge Heap Roots: 0.0ms
[2025-05-08T09:12:04.763+0530][gc,phases   ] GC(4)   Evacuate Collection Set: 1.8ms
[2025-05-08T09:12:04.763+0530][gc,phases   ] GC(4)   Post Evacuate Collection Set: 0.3ms
[2025-05-08T09:12:04.763+0530][gc,phases   ] GC(4)   Other: 0.1ms
[2025-05-08T09:12:04.763+0530][gc,heap     ] GC(4) Eden regions: 12->0(49)
[2025-05-08T09:12:04.763+0530][gc,heap     ] GC(4) Survivor regions: 6->2(7)
[2025-05-08T09:12:04.763+0530][gc,heap     ] GC(4) Old regions: 8->14
[2025-05-08T09:12:04.763+0530][gc,heap     ] GC(4) Archive regions: 2->2
[2025-05-08T09:12:04.763+0530][gc,heap     ] GC(4) Humongous regions: 9->9
[2025-05-08T09:12:04.763+0530][gc,metaspace] GC(4) Metaspace: 35740K(36160K)->35740K(36160K) NonClass: 31544K(31744K)->31544K(31744K) Class: 4196K(4416K)->4196K(4416K)
[2025-05-08T09:12:04.763+0530][gc          ] GC(4) Pause Young (Concurrent Start) (Metadata GC Threshold) 34M->24M(1024M) 2.329ms
[2025-05-08T09:12:04.763+0530][gc,cpu      ] GC(4) User=0.03s Sys=0.00s Real=0.00s
[2025-05-08T09:12:04.763+0530][gc          ] GC(5) Concurrent Mark Cycle
[2025-05-08T09:12:04.763+0530][gc,marking  ] GC(5) Concurrent Clear Claimed Marks
[2025-05-08T09:12:04.763+0530][gc,marking  ] GC(5) Concurrent Clear Claimed Marks 0.033ms
[2025-05-08T09:12:04.763+0530][gc,marking  ] GC(5) Concurrent Scan Root Regions
[2025-05-08T09:12:04.765+0530][gc,marking  ] GC(5) Concurrent Scan Root Regions 1.599ms
[2025-05-08T09:12:04.765+0530][gc,marking  ] GC(5) Concurrent Mark
[2025-05-08T09:12:04.765+0530][gc,marking  ] GC(5) Concurrent Mark From Roots
[2025-05-08T09:12:04.765+0530][gc,task     ] GC(5) Using 3 workers of 3 for marking
[2025-05-08T09:12:04.768+0530][gc,marking  ] GC(5) Concurrent Mark From Roots 3.319ms
[2025-05-08T09:12:04.768+0530][gc,marking  ] GC(5) Concurrent Preclean
[2025-05-08T09:12:04.768+0530][gc,marking  ] GC(5) Concurrent Preclean 0.115ms
[2025-05-08T09:12:04.768+0530][gc,start    ] GC(5) Pause Remark
[2025-05-08T09:12:04.769+0530][gc          ] GC(5) Pause Remark 25M->25M(1024M) 0.702ms
[2025-05-08T09:12:04.769+0530][gc,cpu      ] GC(5) User=0.00s Sys=0.00s Real=0.00s
[2025-05-08T09:12:04.769+0530][gc,marking  ] GC(5) Concurrent Mark 4.318ms
[2025-05-08T09:12:04.769+0530][gc,marking  ] GC(5) Concurrent Rebuild Remembered Sets
[2025-05-08T09:12:04.772+0530][gc,marking  ] GC(5) Concurrent Rebuild Remembered Sets 2.308ms
[2025-05-08T09:12:04.772+0530][gc,start    ] GC(5) Pause Cleanup
[2025-05-08T09:12:04.772+0530][gc          ] GC(5) Pause Cleanup 26M->26M(1024M) 0.148ms
[2025-05-08T09:12:04.772+0530][gc,cpu      ] GC(5) User=0.00s Sys=0.00s Real=0.00s
[2025-05-08T09:12:04.772+0530][gc,marking  ] GC(5) Concurrent Cleanup for Next Mark
[2025-05-08T09:12:04.774+0530][gc,marking  ] GC(5) Concurrent Cleanup for Next Mark 2.145ms
[2025-05-08T09:12:04.774+0530][gc          ] GC(5) Concurrent Mark Cycle 11.046ms
[2025-05-08T09:12:22.758+0530][gc,start    ] GC(6) Pause Young (Normal) (G1 Evacuation Pause)
[2025-05-08T09:12:22.758+0530][gc,task     ] GC(6) Using 13 workers of 13 for evacuation
[2025-05-08T09:12:22.760+0530][gc,phases   ] GC(6)   Pre Evacuate Collection Set: 0.1ms
[2025-05-08T09:12:22.760+0530][gc,phases   ] GC(6)   Merge Heap Roots: 0.0ms
[2025-05-08T09:12:22.760+0530][gc,phases   ] GC(6)   Evacuate Collection Set: 2.0ms
[2025-05-08T09:12:22.760+0530][gc,phases   ] GC(6)   Post Evacuate Collection Set: 0.3ms
[2025-05-08T09:12:22.760+0530][gc,phases   ] GC(6)   Other: 0.1ms
[2025-05-08T09:12:22.760+0530][gc,heap     ] GC(6) Eden regions: 49->0(44)
[2025-05-08T09:12:22.760+0530][gc,heap     ] GC(6) Survivor regions: 2->7(7)
[2025-05-08T09:12:22.760+0530][gc,heap     ] GC(6) Old regions: 14->15
[2025-05-08T09:12:22.760+0530][gc,heap     ] GC(6) Archive regions: 2->2
[2025-05-08T09:12:22.760+0530][gc,heap     ] GC(6) Humongous regions: 138->138
[2025-05-08T09:12:22.760+0530][gc,metaspace] GC(6) Metaspace: 43686K(44544K)->43686K(44544K) NonClass: 38417K(38848K)->38417K(38848K) Class: 5268K(5696K)->5268K(5696K)
[2025-05-08T09:12:22.760+0530][gc          ] GC(6) Pause Young (Normal) (G1 Evacuation Pause) 202M->160M(1024M) 2.537ms
[2025-05-08T09:12:22.760+0530][gc,cpu      ] GC(6) User=0.03s Sys=0.00s Real=0.00s
[2025-05-08T09:13:06.072+0530][gc,heap,exit] Heap
[2025-05-08T09:13:06.072+0530][gc,heap,exit]  garbage-first heap   total 1048576K, used 185448K [0x00000000c0000000, 0x0000000100000000)
[2025-05-08T09:13:06.072+0530][gc,heap,exit]   region size 1024K, 28 young (28672K), 7 survivors (7168K)
[2025-05-08T09:13:06.072+0530][gc,heap,exit]  Metaspace       used 45522K, committed 46400K, reserved 1114112K
[2025-05-08T09:13:06.072+0530][gc,heap,exit]   class space    used 5554K, committed 5952K, reserved 1048576K
