[2025-05-08T10:41:36.939+0530][gc] Using G1
[2025-05-08T10:41:36.944+0530][gc,init] Version: 17.0.14+7-Ubuntu-124.04 (release)
[2025-05-08T10:41:36.944+0530][gc,init] CPUs: 16 total, 16 available
[2025-05-08T10:41:36.944+0530][gc,init] Memory: 31918M
[2025-05-08T10:41:36.944+0530][gc,init] Large Page Support: Disabled
[2025-05-08T10:41:36.944+0530][gc,init] NUMA Support: Disabled
[2025-05-08T10:41:36.944+0530][gc,init] Compressed Oops: Enabled (32-bit)
[2025-05-08T10:41:36.944+0530][gc,init] Heap Region Size: 1M
[2025-05-08T10:41:36.944+0530][gc,init] Heap Min Capacity: 1G
[2025-05-08T10:41:36.944+0530][gc,init] Heap Initial Capacity: 1G
[2025-05-08T10:41:36.944+0530][gc,init] Heap Max Capacity: 1G
[2025-05-08T10:41:36.944+0530][gc,init] Pre-touch: Disabled
[2025-05-08T10:41:36.944+0530][gc,init] Parallel Workers: 13
[2025-05-08T10:41:36.944+0530][gc,init] Concurrent Workers: 3
[2025-05-08T10:41:36.944+0530][gc,init] Concurrent Refinement Workers: 13
[2025-05-08T10:41:36.944+0530][gc,init] Periodic GC: Disabled
[2025-05-08T10:41:36.948+0530][gc,metaspace] CDS archive(s) mapped at: [0x00007faf07000000-0x00007faf07bc9000-0x00007faf07bc9000), size 12357632, SharedBaseAddress: 0x00007faf07000000, ArchiveRelocationMode: 1.
[2025-05-08T10:41:36.948+0530][gc,metaspace] Compressed class space mapped at: 0x00007faf08000000-0x00007faf48000000, reserved size: 1073741824
[2025-05-08T10:41:36.948+0530][gc,metaspace] Narrow klass base: 0x00007faf07000000, Narrow klass shift: 0, Narrow klass range: 0x100000000
[2025-05-08T10:41:37.419+0530][gc,start    ] GC(0) Pause Young (Normal) (G1 Evacuation Pause)
[2025-05-08T10:41:37.419+0530][gc,task     ] GC(0) Using 13 workers of 13 for evacuation
[2025-05-08T10:41:37.422+0530][gc,phases   ] GC(0)   Pre Evacuate Collection Set: 0.1ms
[2025-05-08T10:41:37.422+0530][gc,phases   ] GC(0)   Merge Heap Roots: 0.0ms
[2025-05-08T10:41:37.422+0530][gc,phases   ] GC(0)   Evacuate Collection Set: 2.2ms
[2025-05-08T10:41:37.422+0530][gc,phases   ] GC(0)   Post Evacuate Collection Set: 0.2ms
[2025-05-08T10:41:37.422+0530][gc,phases   ] GC(0)   Other: 0.8ms
[2025-05-08T10:41:37.422+0530][gc,heap     ] GC(0) Eden regions: 51->0(44)
[2025-05-08T10:41:37.422+0530][gc,heap     ] GC(0) Survivor regions: 0->7(7)
[2025-05-08T10:41:37.422+0530][gc,heap     ] GC(0) Old regions: 0->1
[2025-05-08T10:41:37.422+0530][gc,heap     ] GC(0) Archive regions: 2->2
[2025-05-08T10:41:37.422+0530][gc,heap     ] GC(0) Humongous regions: 0->0
[2025-05-08T10:41:37.422+0530][gc,metaspace] GC(0) Metaspace: 16490K(16704K)->16490K(16704K) NonClass: 14594K(14720K)->14594K(14720K) Class: 1896K(1984K)->1896K(1984K)
[2025-05-08T10:41:37.422+0530][gc          ] GC(0) Pause Young (Normal) (G1 Evacuation Pause) 51M->8M(1024M) 3.462ms
[2025-05-08T10:41:37.422+0530][gc,cpu      ] GC(0) User=0.02s Sys=0.00s Real=0.00s
[2025-05-08T10:41:37.562+0530][gc,start    ] GC(1) Pause Young (Concurrent Start) (Metadata GC Threshold)
[2025-05-08T10:41:37.562+0530][gc,task     ] GC(1) Using 13 workers of 13 for evacuation
[2025-05-08T10:41:37.564+0530][gc,phases   ] GC(1)   Pre Evacuate Collection Set: 0.1ms
[2025-05-08T10:41:37.564+0530][gc,phases   ] GC(1)   Merge Heap Roots: 0.0ms
[2025-05-08T10:41:37.564+0530][gc,phases   ] GC(1)   Evacuate Collection Set: 1.6ms
[2025-05-08T10:41:37.564+0530][gc,phases   ] GC(1)   Post Evacuate Collection Set: 0.2ms
[2025-05-08T10:41:37.564+0530][gc,phases   ] GC(1)   Other: 0.2ms
[2025-05-08T10:41:37.564+0530][gc,heap     ] GC(1) Eden regions: 15->0(49)
[2025-05-08T10:41:37.564+0530][gc,heap     ] GC(1) Survivor regions: 7->2(7)
[2025-05-08T10:41:37.564+0530][gc,heap     ] GC(1) Old regions: 1->9
[2025-05-08T10:41:37.564+0530][gc,heap     ] GC(1) Archive regions: 2->2
[2025-05-08T10:41:37.564+0530][gc,heap     ] GC(1) Humongous regions: 0->0
[2025-05-08T10:41:37.564+0530][gc,metaspace] GC(1) Metaspace: 21256K(21504K)->21256K(21504K) NonClass: 18642K(18752K)->18642K(18752K) Class: 2614K(2752K)->2614K(2752K)
[2025-05-08T10:41:37.564+0530][gc          ] GC(1) Pause Young (Concurrent Start) (Metadata GC Threshold) 23M->10M(1024M) 2.157ms
[2025-05-08T10:41:37.564+0530][gc,cpu      ] GC(1) User=0.02s Sys=0.00s Real=0.00s
[2025-05-08T10:41:37.564+0530][gc          ] GC(2) Concurrent Mark Cycle
[2025-05-08T10:41:37.564+0530][gc,marking  ] GC(2) Concurrent Clear Claimed Marks
[2025-05-08T10:41:37.564+0530][gc,marking  ] GC(2) Concurrent Clear Claimed Marks 0.014ms
[2025-05-08T10:41:37.564+0530][gc,marking  ] GC(2) Concurrent Scan Root Regions
[2025-05-08T10:41:37.565+0530][gc,marking  ] GC(2) Concurrent Scan Root Regions 1.400ms
[2025-05-08T10:41:37.565+0530][gc,marking  ] GC(2) Concurrent Mark
[2025-05-08T10:41:37.565+0530][gc,marking  ] GC(2) Concurrent Mark From Roots
[2025-05-08T10:41:37.565+0530][gc,task     ] GC(2) Using 3 workers of 3 for marking
[2025-05-08T10:41:37.566+0530][gc,marking  ] GC(2) Concurrent Mark From Roots 0.996ms
[2025-05-08T10:41:37.566+0530][gc,marking  ] GC(2) Concurrent Preclean
[2025-05-08T10:41:37.566+0530][gc,marking  ] GC(2) Concurrent Preclean 0.049ms
[2025-05-08T10:41:37.566+0530][gc,start    ] GC(2) Pause Remark
[2025-05-08T10:41:37.567+0530][gc          ] GC(2) Pause Remark 10M->10M(1024M) 1.052ms
[2025-05-08T10:41:37.567+0530][gc,cpu      ] GC(2) User=0.01s Sys=0.00s Real=0.00s
[2025-05-08T10:41:37.567+0530][gc,marking  ] GC(2) Concurrent Mark 2.269ms
[2025-05-08T10:41:37.567+0530][gc,marking  ] GC(2) Concurrent Rebuild Remembered Sets
[2025-05-08T10:41:37.569+0530][gc,marking  ] GC(2) Concurrent Rebuild Remembered Sets 1.075ms
[2025-05-08T10:41:37.569+0530][gc,start    ] GC(2) Pause Cleanup
[2025-05-08T10:41:37.569+0530][gc          ] GC(2) Pause Cleanup 10M->10M(1024M) 0.082ms
[2025-05-08T10:41:37.569+0530][gc,cpu      ] GC(2) User=0.00s Sys=0.00s Real=0.00s
[2025-05-08T10:41:37.569+0530][gc,marking  ] GC(2) Concurrent Cleanup for Next Mark
[2025-05-08T10:41:37.571+0530][gc,marking  ] GC(2) Concurrent Cleanup for Next Mark 1.815ms
[2025-05-08T10:41:37.571+0530][gc          ] GC(2) Concurrent Mark Cycle 7.138ms
[2025-05-08T10:41:37.960+0530][gc,start    ] GC(3) Pause Young (Normal) (G1 Evacuation Pause)
[2025-05-08T10:41:37.960+0530][gc,task     ] GC(3) Using 13 workers of 13 for evacuation
[2025-05-08T10:41:37.962+0530][gc,phases   ] GC(3)   Pre Evacuate Collection Set: 0.1ms
[2025-05-08T10:41:37.962+0530][gc,phases   ] GC(3)   Merge Heap Roots: 0.0ms
[2025-05-08T10:41:37.962+0530][gc,phases   ] GC(3)   Evacuate Collection Set: 1.5ms
[2025-05-08T10:41:37.962+0530][gc,phases   ] GC(3)   Post Evacuate Collection Set: 0.2ms
[2025-05-08T10:41:37.962+0530][gc,phases   ] GC(3)   Other: 0.1ms
[2025-05-08T10:41:37.962+0530][gc,heap     ] GC(3) Eden regions: 49->0(45)
[2025-05-08T10:41:37.962+0530][gc,heap     ] GC(3) Survivor regions: 2->6(7)
[2025-05-08T10:41:37.962+0530][gc,heap     ] GC(3) Old regions: 9->9
[2025-05-08T10:41:37.962+0530][gc,heap     ] GC(3) Archive regions: 2->2
[2025-05-08T10:41:37.962+0530][gc,heap     ] GC(3) Humongous regions: 0->0
[2025-05-08T10:41:37.962+0530][gc,metaspace] GC(3) Metaspace: 32794K(33152K)->32794K(33152K) NonClass: 28993K(29184K)->28993K(29184K) Class: 3801K(3968K)->3801K(3968K)
[2025-05-08T10:41:37.962+0530][gc          ] GC(3) Pause Young (Normal) (G1 Evacuation Pause) 59M->14M(1024M) 1.976ms
[2025-05-08T10:41:37.962+0530][gc,cpu      ] GC(3) User=0.02s Sys=0.00s Real=0.00s
[2025-05-08T10:41:38.075+0530][gc,start    ] GC(4) Pause Young (Concurrent Start) (Metadata GC Threshold)
[2025-05-08T10:41:38.075+0530][gc,task     ] GC(4) Using 13 workers of 13 for evacuation
[2025-05-08T10:41:38.079+0530][gc,phases   ] GC(4)   Pre Evacuate Collection Set: 0.2ms
[2025-05-08T10:41:38.079+0530][gc,phases   ] GC(4)   Merge Heap Roots: 0.1ms
[2025-05-08T10:41:38.079+0530][gc,phases   ] GC(4)   Evacuate Collection Set: 3.3ms
[2025-05-08T10:41:38.079+0530][gc,phases   ] GC(4)   Post Evacuate Collection Set: 0.5ms
[2025-05-08T10:41:38.079+0530][gc,phases   ] GC(4)   Other: 0.2ms
[2025-05-08T10:41:38.079+0530][gc,heap     ] GC(4) Eden regions: 18->0(48)
[2025-05-08T10:41:38.079+0530][gc,heap     ] GC(4) Survivor regions: 6->3(7)
[2025-05-08T10:41:38.079+0530][gc,heap     ] GC(4) Old regions: 9->14
[2025-05-08T10:41:38.079+0530][gc,heap     ] GC(4) Archive regions: 2->2
[2025-05-08T10:41:38.079+0530][gc,heap     ] GC(4) Humongous regions: 9->9
[2025-05-08T10:41:38.079+0530][gc,metaspace] GC(4) Metaspace: 35648K(36096K)->35648K(36096K) NonClass: 31509K(31744K)->31509K(31744K) Class: 4138K(4352K)->4138K(4352K)
[2025-05-08T10:41:38.079+0530][gc          ] GC(4) Pause Young (Concurrent Start) (Metadata GC Threshold) 40M->26M(1024M) 4.359ms
[2025-05-08T10:41:38.079+0530][gc,cpu      ] GC(4) User=0.05s Sys=0.01s Real=0.01s
[2025-05-08T10:41:38.079+0530][gc          ] GC(5) Concurrent Mark Cycle
[2025-05-08T10:41:38.079+0530][gc,marking  ] GC(5) Concurrent Clear Claimed Marks
[2025-05-08T10:41:38.079+0530][gc,marking  ] GC(5) Concurrent Clear Claimed Marks 0.057ms
[2025-05-08T10:41:38.079+0530][gc,marking  ] GC(5) Concurrent Scan Root Regions
[2025-05-08T10:41:38.081+0530][gc,marking  ] GC(5) Concurrent Scan Root Regions 1.807ms
[2025-05-08T10:41:38.081+0530][gc,marking  ] GC(5) Concurrent Mark
[2025-05-08T10:41:38.081+0530][gc,marking  ] GC(5) Concurrent Mark From Roots
[2025-05-08T10:41:38.081+0530][gc,task     ] GC(5) Using 3 workers of 3 for marking
[2025-05-08T10:41:38.086+0530][gc,marking  ] GC(5) Concurrent Mark From Roots 4.293ms
[2025-05-08T10:41:38.086+0530][gc,marking  ] GC(5) Concurrent Preclean
[2025-05-08T10:41:38.086+0530][gc,marking  ] GC(5) Concurrent Preclean 0.171ms
[2025-05-08T10:41:38.086+0530][gc,start    ] GC(5) Pause Remark
[2025-05-08T10:41:38.088+0530][gc          ] GC(5) Pause Remark 27M->27M(1024M) 1.870ms
[2025-05-08T10:41:38.088+0530][gc,cpu      ] GC(5) User=0.02s Sys=0.00s Real=0.00s
[2025-05-08T10:41:38.089+0530][gc,marking  ] GC(5) Concurrent Mark 8.153ms
[2025-05-08T10:41:38.090+0530][gc,marking  ] GC(5) Concurrent Rebuild Remembered Sets
[2025-05-08T10:41:38.094+0530][gc,marking  ] GC(5) Concurrent Rebuild Remembered Sets 3.966ms
[2025-05-08T10:41:38.094+0530][gc,start    ] GC(5) Pause Cleanup
[2025-05-08T10:41:38.094+0530][gc          ] GC(5) Pause Cleanup 28M->28M(1024M) 0.209ms
[2025-05-08T10:41:38.094+0530][gc,cpu      ] GC(5) User=0.01s Sys=0.00s Real=0.00s
[2025-05-08T10:41:38.094+0530][gc,marking  ] GC(5) Concurrent Cleanup for Next Mark
[2025-05-08T10:41:38.097+0530][gc,marking  ] GC(5) Concurrent Cleanup for Next Mark 2.643ms
[2025-05-08T10:41:38.097+0530][gc          ] GC(5) Concurrent Mark Cycle 17.580ms
[2025-05-08T10:41:38.470+0530][gc,start    ] GC(6) Pause Young (Prepare Mixed) (G1 Evacuation Pause)
[2025-05-08T10:41:38.470+0530][gc,task     ] GC(6) Using 13 workers of 13 for evacuation
[2025-05-08T10:41:38.473+0530][gc,phases   ] GC(6)   Pre Evacuate Collection Set: 0.1ms
[2025-05-08T10:41:38.473+0530][gc,phases   ] GC(6)   Merge Heap Roots: 0.0ms
[2025-05-08T10:41:38.473+0530][gc,phases   ] GC(6)   Evacuate Collection Set: 2.2ms
[2025-05-08T10:41:38.473+0530][gc,phases   ] GC(6)   Post Evacuate Collection Set: 0.3ms
[2025-05-08T10:41:38.473+0530][gc,phases   ] GC(6)   Other: 0.1ms
[2025-05-08T10:41:38.473+0530][gc,heap     ] GC(6) Eden regions: 48->0(44)
[2025-05-08T10:41:38.473+0530][gc,heap     ] GC(6) Survivor regions: 3->7(7)
[2025-05-08T10:41:38.473+0530][gc,heap     ] GC(6) Old regions: 14->15
[2025-05-08T10:41:38.473+0530][gc,heap     ] GC(6) Archive regions: 2->2
[2025-05-08T10:41:38.473+0530][gc,heap     ] GC(6) Humongous regions: 9->9
[2025-05-08T10:41:38.473+0530][gc,metaspace] GC(6) Metaspace: 42433K(43072K)->42433K(43072K) NonClass: 37483K(37824K)->37483K(37824K) Class: 4950K(5248K)->4950K(5248K)
[2025-05-08T10:41:38.473+0530][gc          ] GC(6) Pause Young (Prepare Mixed) (G1 Evacuation Pause) 74M->31M(1024M) 2.819ms
[2025-05-08T10:41:38.473+0530][gc,cpu      ] GC(6) User=0.03s Sys=0.00s Real=0.00s
[2025-05-08T10:42:10.355+0530][gc,start    ] GC(7) Pause Young (Mixed) (G1 Evacuation Pause)
[2025-05-08T10:42:10.355+0530][gc,task     ] GC(7) Using 13 workers of 13 for evacuation
[2025-05-08T10:42:10.361+0530][gc,phases   ] GC(7)   Pre Evacuate Collection Set: 0.2ms
[2025-05-08T10:42:10.361+0530][gc,phases   ] GC(7)   Merge Heap Roots: 0.1ms
[2025-05-08T10:42:10.361+0530][gc,phases   ] GC(7)   Evacuate Collection Set: 4.9ms
[2025-05-08T10:42:10.361+0530][gc,phases   ] GC(7)   Post Evacuate Collection Set: 0.6ms
[2025-05-08T10:42:10.361+0530][gc,phases   ] GC(7)   Other: 0.2ms
[2025-05-08T10:42:10.361+0530][gc,heap     ] GC(7) Eden regions: 44->0(47)
[2025-05-08T10:42:10.361+0530][gc,heap     ] GC(7) Survivor regions: 7->4(7)
[2025-05-08T10:42:10.361+0530][gc,heap     ] GC(7) Old regions: 15->22
[2025-05-08T10:42:10.361+0530][gc,heap     ] GC(7) Archive regions: 2->2
[2025-05-08T10:42:10.361+0530][gc,heap     ] GC(7) Humongous regions: 144->138
[2025-05-08T10:42:10.361+0530][gc,metaspace] GC(7) Metaspace: 47500K(48512K)->47500K(48512K) NonClass: 41733K(42240K)->41733K(42240K) Class: 5766K(6272K)->5766K(6272K)
[2025-05-08T10:42:10.361+0530][gc          ] GC(7) Pause Young (Mixed) (G1 Evacuation Pause) 210M->163M(1024M) 6.041ms
[2025-05-08T10:42:10.361+0530][gc,cpu      ] GC(7) User=0.03s Sys=0.01s Real=0.01s
[2025-05-08T10:44:30.685+0530][gc,start    ] GC(8) Pause Young (Normal) (G1 Evacuation Pause)
[2025-05-08T10:44:30.685+0530][gc,task     ] GC(8) Using 13 workers of 13 for evacuation
[2025-05-08T10:44:30.687+0530][gc,phases   ] GC(8)   Pre Evacuate Collection Set: 0.1ms
[2025-05-08T10:44:30.687+0530][gc,phases   ] GC(8)   Merge Heap Roots: 0.1ms
[2025-05-08T10:44:30.687+0530][gc,phases   ] GC(8)   Evacuate Collection Set: 1.6ms
[2025-05-08T10:44:30.687+0530][gc,phases   ] GC(8)   Post Evacuate Collection Set: 0.3ms
[2025-05-08T10:44:30.687+0530][gc,phases   ] GC(8)   Other: 0.1ms
[2025-05-08T10:44:30.687+0530][gc,heap     ] GC(8) Eden regions: 47->0(45)
[2025-05-08T10:44:30.687+0530][gc,heap     ] GC(8) Survivor regions: 4->6(7)
[2025-05-08T10:44:30.687+0530][gc,heap     ] GC(8) Old regions: 22->22
[2025-05-08T10:44:30.687+0530][gc,heap     ] GC(8) Archive regions: 2->2
[2025-05-08T10:44:30.687+0530][gc,heap     ] GC(8) Humongous regions: 140->140
[2025-05-08T10:44:30.687+0530][gc,metaspace] GC(8) Metaspace: 49700K(50752K)->49700K(50752K) NonClass: 43805K(44352K)->43805K(44352K) Class: 5895K(6400K)->5895K(6400K)
[2025-05-08T10:44:30.687+0530][gc          ] GC(8) Pause Young (Normal) (G1 Evacuation Pause) 212M->167M(1024M) 2.259ms
[2025-05-08T10:44:30.687+0530][gc,cpu      ] GC(8) User=0.02s Sys=0.00s Real=0.01s
[2025-05-08T10:47:59.362+0530][gc,start    ] GC(9) Pause Young (Normal) (G1 Evacuation Pause)
[2025-05-08T10:47:59.362+0530][gc,task     ] GC(9) Using 13 workers of 13 for evacuation
[2025-05-08T10:47:59.364+0530][gc,phases   ] GC(9)   Pre Evacuate Collection Set: 0.1ms
[2025-05-08T10:47:59.364+0530][gc,phases   ] GC(9)   Merge Heap Roots: 0.0ms
[2025-05-08T10:47:59.364+0530][gc,phases   ] GC(9)   Evacuate Collection Set: 1.6ms
[2025-05-08T10:47:59.364+0530][gc,phases   ] GC(9)   Post Evacuate Collection Set: 0.2ms
[2025-05-08T10:47:59.364+0530][gc,phases   ] GC(9)   Other: 0.1ms
[2025-05-08T10:47:59.364+0530][gc,heap     ] GC(9) Eden regions: 45->0(67)
[2025-05-08T10:47:59.364+0530][gc,heap     ] GC(9) Survivor regions: 6->3(7)
[2025-05-08T10:47:59.364+0530][gc,heap     ] GC(9) Old regions: 22->24
[2025-05-08T10:47:59.364+0530][gc,heap     ] GC(9) Archive regions: 2->2
[2025-05-08T10:47:59.364+0530][gc,heap     ] GC(9) Humongous regions: 140->140
[2025-05-08T10:47:59.364+0530][gc,metaspace] GC(9) Metaspace: 50182K(51264K)->50182K(51264K) NonClass: 44235K(44800K)->44235K(44800K) Class: 5947K(6464K)->5947K(6464K)
[2025-05-08T10:47:59.364+0530][gc          ] GC(9) Pause Young (Normal) (G1 Evacuation Pause) 212M->167M(1024M) 2.146ms
[2025-05-08T10:47:59.364+0530][gc,cpu      ] GC(9) User=0.02s Sys=0.00s Real=0.00s
[2025-05-08T10:56:21.846+0530][gc,start    ] GC(10) Pause Young (Normal) (G1 Evacuation Pause)
[2025-05-08T10:56:21.846+0530][gc,task     ] GC(10) Using 13 workers of 13 for evacuation
[2025-05-08T10:56:21.847+0530][gc,phases   ] GC(10)   Pre Evacuate Collection Set: 0.1ms
[2025-05-08T10:56:21.847+0530][gc,phases   ] GC(10)   Merge Heap Roots: 0.0ms
[2025-05-08T10:56:21.847+0530][gc,phases   ] GC(10)   Evacuate Collection Set: 1.0ms
[2025-05-08T10:56:21.847+0530][gc,phases   ] GC(10)   Post Evacuate Collection Set: 0.2ms
[2025-05-08T10:56:21.847+0530][gc,phases   ] GC(10)   Other: 0.1ms
[2025-05-08T10:56:21.847+0530][gc,heap     ] GC(10) Eden regions: 67->0(193)
[2025-05-08T10:56:21.847+0530][gc,heap     ] GC(10) Survivor regions: 3->4(9)
[2025-05-08T10:56:21.847+0530][gc,heap     ] GC(10) Old regions: 24->24
[2025-05-08T10:56:21.847+0530][gc,heap     ] GC(10) Archive regions: 2->2
[2025-05-08T10:56:21.847+0530][gc,heap     ] GC(10) Humongous regions: 140->140
[2025-05-08T10:56:21.847+0530][gc,metaspace] GC(10) Metaspace: 50520K(51584K)->50520K(51584K) NonClass: 44560K(45120K)->44560K(45120K) Class: 5960K(6464K)->5960K(6464K)
[2025-05-08T10:56:21.847+0530][gc          ] GC(10) Pause Young (Normal) (G1 Evacuation Pause) 234M->168M(1024M) 1.476ms
[2025-05-08T10:56:21.847+0530][gc,cpu      ] GC(10) User=0.01s Sys=0.00s Real=0.01s
[2025-05-08T11:12:56.252+0530][gc,start    ] GC(11) Pause Young (Normal) (G1 Evacuation Pause)
[2025-05-08T11:12:56.252+0530][gc,task     ] GC(11) Using 13 workers of 13 for evacuation
[2025-05-08T11:12:56.255+0530][gc,phases   ] GC(11)   Pre Evacuate Collection Set: 0.1ms
[2025-05-08T11:12:56.256+0530][gc,phases   ] GC(11)   Merge Heap Roots: 0.1ms
[2025-05-08T11:12:56.256+0530][gc,phases   ] GC(11)   Evacuate Collection Set: 3.0ms
[2025-05-08T11:12:56.256+0530][gc,phases   ] GC(11)   Post Evacuate Collection Set: 0.3ms
[2025-05-08T11:12:56.256+0530][gc,phases   ] GC(11)   Other: 0.2ms
[2025-05-08T11:12:56.256+0530][gc,heap     ] GC(11) Eden regions: 193->0(212)
[2025-05-08T11:12:56.256+0530][gc,heap     ] GC(11) Survivor regions: 4->7(25)
[2025-05-08T11:12:56.256+0530][gc,heap     ] GC(11) Old regions: 24->24
[2025-05-08T11:12:56.256+0530][gc,heap     ] GC(11) Archive regions: 2->2
[2025-05-08T11:12:56.256+0530][gc,heap     ] GC(11) Humongous regions: 140->140
[2025-05-08T11:12:56.256+0530][gc,metaspace] GC(11) Metaspace: 51030K(52032K)->51030K(52032K) NonClass: 45067K(45568K)->45067K(45568K) Class: 5963K(6464K)->5963K(6464K)
[2025-05-08T11:12:56.256+0530][gc          ] GC(11) Pause Young (Normal) (G1 Evacuation Pause) 361M->171M(1024M) 3.790ms
[2025-05-08T11:12:56.256+0530][gc,cpu      ] GC(11) User=0.03s Sys=0.00s Real=0.00s
[2025-05-08T11:31:44.334+0530][gc,start    ] GC(12) Pause Young (Normal) (G1 Evacuation Pause)
[2025-05-08T11:31:44.334+0530][gc,task     ] GC(12) Using 13 workers of 13 for evacuation
[2025-05-08T11:31:44.339+0530][gc,phases   ] GC(12)   Pre Evacuate Collection Set: 0.1ms
[2025-05-08T11:31:44.339+0530][gc,phases   ] GC(12)   Merge Heap Roots: 0.1ms
[2025-05-08T11:31:44.339+0530][gc,phases   ] GC(12)   Evacuate Collection Set: 3.5ms
[2025-05-08T11:31:44.339+0530][gc,phases   ] GC(12)   Post Evacuate Collection Set: 0.4ms
[2025-05-08T11:31:44.339+0530][gc,phases   ] GC(12)   Other: 0.1ms
[2025-05-08T11:31:44.339+0530][gc,heap     ] GC(12) Eden regions: 212->0(474)
[2025-05-08T11:31:44.339+0530][gc,heap     ] GC(12) Survivor regions: 7->9(28)
[2025-05-08T11:31:44.339+0530][gc,heap     ] GC(12) Old regions: 24->24
[2025-05-08T11:31:44.339+0530][gc,heap     ] GC(12) Archive regions: 2->2
[2025-05-08T11:31:44.339+0530][gc,heap     ] GC(12) Humongous regions: 140->140
[2025-05-08T11:31:44.339+0530][gc,metaspace] GC(12) Metaspace: 51412K(52480K)->51412K(52480K) NonClass: 45448K(46016K)->45448K(46016K) Class: 5963K(6464K)->5963K(6464K)
[2025-05-08T11:31:44.339+0530][gc          ] GC(12) Pause Young (Normal) (G1 Evacuation Pause) 383M->173M(1024M) 4.333ms
[2025-05-08T11:31:44.339+0530][gc,cpu      ] GC(12) User=0.04s Sys=0.01s Real=0.01s
[2025-05-08T12:04:54.953+0530][gc,start    ] GC(13) Pause Young (Normal) (G1 Evacuation Pause)
[2025-05-08T12:04:54.953+0530][gc,task     ] GC(13) Using 13 workers of 13 for evacuation
[2025-05-08T12:04:54.957+0530][gc,phases   ] GC(13)   Pre Evacuate Collection Set: 0.1ms
[2025-05-08T12:04:54.957+0530][gc,phases   ] GC(13)   Merge Heap Roots: 0.1ms
[2025-05-08T12:04:54.957+0530][gc,phases   ] GC(13)   Evacuate Collection Set: 3.2ms
[2025-05-08T12:04:54.957+0530][gc,phases   ] GC(13)   Post Evacuate Collection Set: 0.4ms
[2025-05-08T12:04:54.957+0530][gc,phases   ] GC(13)   Other: 0.1ms
[2025-05-08T12:04:54.957+0530][gc,heap     ] GC(13) Eden regions: 474->0(426)
[2025-05-08T12:04:54.957+0530][gc,heap     ] GC(13) Survivor regions: 9->12(61)
[2025-05-08T12:04:54.957+0530][gc,heap     ] GC(13) Old regions: 24->24
[2025-05-08T12:04:54.957+0530][gc,heap     ] GC(13) Archive regions: 2->2
[2025-05-08T12:04:54.957+0530][gc,heap     ] GC(13) Humongous regions: 149->149
[2025-05-08T12:04:54.957+0530][gc,metaspace] GC(13) Metaspace: 51647K(52608K)->51647K(52608K) NonClass: 45653K(46144K)->45653K(46144K) Class: 5993K(6464K)->5993K(6464K)
[2025-05-08T12:04:54.957+0530][gc          ] GC(13) Pause Young (Normal) (G1 Evacuation Pause) 656M->185M(1024M) 3.978ms
[2025-05-08T12:04:54.957+0530][gc,cpu      ] GC(13) User=0.04s Sys=0.00s Real=0.01s
[2025-05-08T12:35:23.142+0530][gc,start    ] GC(14) Pause Young (Normal) (G1 Evacuation Pause)
[2025-05-08T12:35:23.142+0530][gc,task     ] GC(14) Using 13 workers of 13 for evacuation
[2025-05-08T12:35:23.146+0530][gc,phases   ] GC(14)   Pre Evacuate Collection Set: 0.1ms
[2025-05-08T12:35:23.146+0530][gc,phases   ] GC(14)   Merge Heap Roots: 0.1ms
[2025-05-08T12:35:23.146+0530][gc,phases   ] GC(14)   Evacuate Collection Set: 2.9ms
[2025-05-08T12:35:23.146+0530][gc,phases   ] GC(14)   Post Evacuate Collection Set: 0.4ms
[2025-05-08T12:35:23.146+0530][gc,phases   ] GC(14)   Other: 0.1ms
[2025-05-08T12:35:23.146+0530][gc,heap     ] GC(14) Eden regions: 426->0(601)
[2025-05-08T12:35:23.146+0530][gc,heap     ] GC(14) Survivor regions: 12->13(55)
[2025-05-08T12:35:23.146+0530][gc,heap     ] GC(14) Old regions: 24->24
[2025-05-08T12:35:23.146+0530][gc,heap     ] GC(14) Archive regions: 2->2
[2025-05-08T12:35:23.146+0530][gc,heap     ] GC(14) Humongous regions: 149->149
[2025-05-08T12:35:23.146+0530][gc,metaspace] GC(14) Metaspace: 51665K(52736K)->51665K(52736K) NonClass: 45671K(46272K)->45671K(46272K) Class: 5993K(6464K)->5993K(6464K)
[2025-05-08T12:35:23.146+0530][gc          ] GC(14) Pause Young (Normal) (G1 Evacuation Pause) 611M->186M(1024M) 3.560ms
[2025-05-08T12:35:23.146+0530][gc,cpu      ] GC(14) User=0.04s Sys=0.00s Real=0.00s
[2025-05-08T12:59:48.790+0530][gc,heap,exit] Heap
[2025-05-08T12:59:48.790+0530][gc,heap,exit]  garbage-first heap   total 1048576K, used 585060K [0x00000000c0000000, 0x0000000100000000)
[2025-05-08T12:59:48.790+0530][gc,heap,exit]   region size 1024K, 398 young (407552K), 13 survivors (13312K)
[2025-05-08T12:59:48.790+0530][gc,heap,exit]  Metaspace       used 52599K, committed 53696K, reserved 1114112K
[2025-05-08T12:59:48.790+0530][gc,heap,exit]   class space    used 6196K, committed 6720K, reserved 1048576K
