[2025-05-08T08:00:50.534+0530][gc] Using G1
[2025-05-08T08:00:50.539+0530][gc,init] Version: 17.0.14+7-Ubuntu-124.04 (release)
[2025-05-08T08:00:50.539+0530][gc,init] CPUs: 16 total, 16 available
[2025-05-08T08:00:50.539+0530][gc,init] Memory: 31918M
[2025-05-08T08:00:50.539+0530][gc,init] Large Page Support: Disabled
[2025-05-08T08:00:50.539+0530][gc,init] NUMA Support: Disabled
[2025-05-08T08:00:50.539+0530][gc,init] Compressed Oops: Enabled (32-bit)
[2025-05-08T08:00:50.539+0530][gc,init] Heap Region Size: 1M
[2025-05-08T08:00:50.539+0530][gc,init] Heap Min Capacity: 1G
[2025-05-08T08:00:50.539+0530][gc,init] Heap Initial Capacity: 1G
[2025-05-08T08:00:50.539+0530][gc,init] Heap Max Capacity: 1G
[2025-05-08T08:00:50.539+0530][gc,init] Pre-touch: Disabled
[2025-05-08T08:00:50.539+0530][gc,init] Parallel Workers: 13
[2025-05-08T08:00:50.539+0530][gc,init] Concurrent Workers: 3
[2025-05-08T08:00:50.539+0530][gc,init] Concurrent Refinement Workers: 13
[2025-05-08T08:00:50.539+0530][gc,init] Periodic GC: Disabled
[2025-05-08T08:00:50.543+0530][gc,metaspace] CDS archive(s) mapped at: [0x00007e3be3000000-0x00007e3be3bc9000-0x00007e3be3bc9000), size 12357632, SharedBaseAddress: 0x00007e3be3000000, ArchiveRelocationMode: 1.
[2025-05-08T08:00:50.543+0530][gc,metaspace] Compressed class space mapped at: 0x00007e3be4000000-0x00007e3c24000000, reserved size: 1073741824
[2025-05-08T08:00:50.543+0530][gc,metaspace] Narrow klass base: 0x00007e3be3000000, Narrow klass shift: 0, Narrow klass range: 0x100000000
[2025-05-08T08:00:50.996+0530][gc,start    ] GC(0) Pause Young (Normal) (G1 Evacuation Pause)
[2025-05-08T08:00:50.997+0530][gc,task     ] GC(0) Using 13 workers of 13 for evacuation
[2025-05-08T08:00:50.999+0530][gc,phases   ] GC(0)   Pre Evacuate Collection Set: 0.0ms
[2025-05-08T08:00:50.999+0530][gc,phases   ] GC(0)   Merge Heap Roots: 0.0ms
[2025-05-08T08:00:50.999+0530][gc,phases   ] GC(0)   Evacuate Collection Set: 1.7ms
[2025-05-08T08:00:50.999+0530][gc,phases   ] GC(0)   Post Evacuate Collection Set: 0.2ms
[2025-05-08T08:00:50.999+0530][gc,phases   ] GC(0)   Other: 0.7ms
[2025-05-08T08:00:50.999+0530][gc,heap     ] GC(0) Eden regions: 51->0(44)
[2025-05-08T08:00:50.999+0530][gc,heap     ] GC(0) Survivor regions: 0->7(7)
[2025-05-08T08:00:50.999+0530][gc,heap     ] GC(0) Old regions: 0->1
[2025-05-08T08:00:50.999+0530][gc,heap     ] GC(0) Archive regions: 2->2
[2025-05-08T08:00:50.999+0530][gc,heap     ] GC(0) Humongous regions: 0->0
[2025-05-08T08:00:50.999+0530][gc,metaspace] GC(0) Metaspace: 16504K(16704K)->16504K(16704K) NonClass: 14608K(14720K)->14608K(14720K) Class: 1896K(1984K)->1896K(1984K)
[2025-05-08T08:00:50.999+0530][gc          ] GC(0) Pause Young (Normal) (G1 Evacuation Pause) 51M->8M(1024M) 2.704ms
[2025-05-08T08:00:50.999+0530][gc,cpu      ] GC(0) User=0.01s Sys=0.00s Real=0.00s
[2025-05-08T08:00:51.105+0530][gc,heap,exit] Heap
[2025-05-08T08:00:51.105+0530][gc,heap,exit]  garbage-first heap   total 1048576K, used 22340K [0x00000000c0000000, 0x0000000100000000)
[2025-05-08T08:00:51.105+0530][gc,heap,exit]   region size 1024K, 21 young (21504K), 7 survivors (7168K)
[2025-05-08T08:00:51.105+0530][gc,heap,exit]  Metaspace       used 20620K, committed 20800K, reserved 1114112K
[2025-05-08T08:00:51.105+0530][gc,heap,exit]   class space    used 2540K, committed 2624K, reserved 1048576K
