[2025-05-08T08:04:59.970+0530][gc] Using G1
[2025-05-08T08:04:59.975+0530][gc,init] Version: 17.0.14+7-Ubuntu-124.04 (release)
[2025-05-08T08:04:59.975+0530][gc,init] CPUs: 16 total, 16 available
[2025-05-08T08:04:59.975+0530][gc,init] Memory: 31918M
[2025-05-08T08:04:59.975+0530][gc,init] Large Page Support: Disabled
[2025-05-08T08:04:59.975+0530][gc,init] NUMA Support: Disabled
[2025-05-08T08:04:59.975+0530][gc,init] Compressed Oops: Enabled (32-bit)
[2025-05-08T08:04:59.975+0530][gc,init] Heap Region Size: 1M
[2025-05-08T08:04:59.975+0530][gc,init] Heap Min Capacity: 1G
[2025-05-08T08:04:59.975+0530][gc,init] Heap Initial Capacity: 1G
[2025-05-08T08:04:59.975+0530][gc,init] Heap Max Capacity: 1G
[2025-05-08T08:04:59.975+0530][gc,init] Pre-touch: Disabled
[2025-05-08T08:04:59.975+0530][gc,init] Parallel Workers: 13
[2025-05-08T08:04:59.975+0530][gc,init] Concurrent Workers: 3
[2025-05-08T08:04:59.975+0530][gc,init] Concurrent Refinement Workers: 13
[2025-05-08T08:04:59.975+0530][gc,init] Periodic GC: Disabled
[2025-05-08T08:04:59.978+0530][gc,metaspace] CDS archive(s) mapped at: [0x00007e1087000000-0x00007e1087bc9000-0x00007e1087bc9000), size 12357632, SharedBaseAddress: 0x00007e1087000000, ArchiveRelocationMode: 1.
[2025-05-08T08:04:59.978+0530][gc,metaspace] Compressed class space mapped at: 0x00007e1088000000-0x00007e10c8000000, reserved size: 1073741824
[2025-05-08T08:04:59.978+0530][gc,metaspace] Narrow klass base: 0x00007e1087000000, Narrow klass shift: 0, Narrow klass range: 0x100000000
[2025-05-08T08:05:00.429+0530][gc,start    ] GC(0) Pause Young (Normal) (G1 Evacuation Pause)
[2025-05-08T08:05:00.430+0530][gc,task     ] GC(0) Using 13 workers of 13 for evacuation
[2025-05-08T08:05:00.432+0530][gc,phases   ] GC(0)   Pre Evacuate Collection Set: 0.1ms
[2025-05-08T08:05:00.432+0530][gc,phases   ] GC(0)   Merge Heap Roots: 0.0ms
[2025-05-08T08:05:00.432+0530][gc,phases   ] GC(0)   Evacuate Collection Set: 1.5ms
[2025-05-08T08:05:00.432+0530][gc,phases   ] GC(0)   Post Evacuate Collection Set: 0.2ms
[2025-05-08T08:05:00.432+0530][gc,phases   ] GC(0)   Other: 0.7ms
[2025-05-08T08:05:00.432+0530][gc,heap     ] GC(0) Eden regions: 51->0(44)
[2025-05-08T08:05:00.432+0530][gc,heap     ] GC(0) Survivor regions: 0->7(7)
[2025-05-08T08:05:00.432+0530][gc,heap     ] GC(0) Old regions: 0->2
[2025-05-08T08:05:00.432+0530][gc,heap     ] GC(0) Archive regions: 2->2
[2025-05-08T08:05:00.432+0530][gc,heap     ] GC(0) Humongous regions: 0->0
[2025-05-08T08:05:00.432+0530][gc,metaspace] GC(0) Metaspace: 16501K(16704K)->16501K(16704K) NonClass: 14605K(14720K)->14605K(14720K) Class: 1896K(1984K)->1896K(1984K)
[2025-05-08T08:05:00.432+0530][gc          ] GC(0) Pause Young (Normal) (G1 Evacuation Pause) 51M->9M(1024M) 2.500ms
[2025-05-08T08:05:00.432+0530][gc,cpu      ] GC(0) User=0.01s Sys=0.01s Real=0.00s
[2025-05-08T08:05:00.559+0530][gc,start    ] GC(1) Pause Young (Concurrent Start) (Metadata GC Threshold)
[2025-05-08T08:05:00.559+0530][gc,task     ] GC(1) Using 13 workers of 13 for evacuation
[2025-05-08T08:05:00.561+0530][gc,phases   ] GC(1)   Pre Evacuate Collection Set: 0.1ms
[2025-05-08T08:05:00.561+0530][gc,phases   ] GC(1)   Merge Heap Roots: 0.0ms
[2025-05-08T08:05:00.561+0530][gc,phases   ] GC(1)   Evacuate Collection Set: 1.3ms
[2025-05-08T08:05:00.561+0530][gc,phases   ] GC(1)   Post Evacuate Collection Set: 0.2ms
[2025-05-08T08:05:00.561+0530][gc,phases   ] GC(1)   Other: 0.2ms
[2025-05-08T08:05:00.561+0530][gc,heap     ] GC(1) Eden regions: 15->0(49)
[2025-05-08T08:05:00.561+0530][gc,heap     ] GC(1) Survivor regions: 7->2(7)
[2025-05-08T08:05:00.561+0530][gc,heap     ] GC(1) Old regions: 2->8
[2025-05-08T08:05:00.561+0530][gc,heap     ] GC(1) Archive regions: 2->2
[2025-05-08T08:05:00.561+0530][gc,heap     ] GC(1) Humongous regions: 0->0
[2025-05-08T08:05:00.561+0530][gc,metaspace] GC(1) Metaspace: 21263K(21504K)->21263K(21504K) NonClass: 18649K(18752K)->18649K(18752K) Class: 2614K(2752K)->2614K(2752K)
[2025-05-08T08:05:00.561+0530][gc          ] GC(1) Pause Young (Concurrent Start) (Metadata GC Threshold) 23M->9M(1024M) 1.857ms
[2025-05-08T08:05:00.561+0530][gc,cpu      ] GC(1) User=0.01s Sys=0.00s Real=0.00s
[2025-05-08T08:05:00.561+0530][gc          ] GC(2) Concurrent Mark Cycle
[2025-05-08T08:05:00.561+0530][gc,marking  ] GC(2) Concurrent Clear Claimed Marks
[2025-05-08T08:05:00.561+0530][gc,marking  ] GC(2) Concurrent Clear Claimed Marks 0.011ms
[2025-05-08T08:05:00.561+0530][gc,marking  ] GC(2) Concurrent Scan Root Regions
[2025-05-08T08:05:00.562+0530][gc,marking  ] GC(2) Concurrent Scan Root Regions 1.117ms
[2025-05-08T08:05:00.562+0530][gc,marking  ] GC(2) Concurrent Mark
[2025-05-08T08:05:00.562+0530][gc,marking  ] GC(2) Concurrent Mark From Roots
[2025-05-08T08:05:00.562+0530][gc,task     ] GC(2) Using 3 workers of 3 for marking
[2025-05-08T08:05:00.564+0530][gc,marking  ] GC(2) Concurrent Mark From Roots 1.145ms
[2025-05-08T08:05:00.564+0530][gc,marking  ] GC(2) Concurrent Preclean
[2025-05-08T08:05:00.564+0530][gc,marking  ] GC(2) Concurrent Preclean 0.073ms
[2025-05-08T08:05:00.564+0530][gc,start    ] GC(2) Pause Remark
[2025-05-08T08:05:00.565+0530][gc          ] GC(2) Pause Remark 10M->10M(1024M) 0.903ms
[2025-05-08T08:05:00.565+0530][gc,cpu      ] GC(2) User=0.01s Sys=0.00s Real=0.00s
[2025-05-08T08:05:00.565+0530][gc,marking  ] GC(2) Concurrent Mark 2.333ms
[2025-05-08T08:05:00.565+0530][gc,marking  ] GC(2) Concurrent Rebuild Remembered Sets
[2025-05-08T08:05:00.566+0530][gc,marking  ] GC(2) Concurrent Rebuild Remembered Sets 1.133ms
[2025-05-08T08:05:00.566+0530][gc,start    ] GC(2) Pause Cleanup
[2025-05-08T08:05:00.566+0530][gc          ] GC(2) Pause Cleanup 10M->10M(1024M) 0.080ms
[2025-05-08T08:05:00.566+0530][gc,cpu      ] GC(2) User=0.01s Sys=0.00s Real=0.00s
[2025-05-08T08:05:00.566+0530][gc,marking  ] GC(2) Concurrent Cleanup for Next Mark
[2025-05-08T08:05:00.568+0530][gc,marking  ] GC(2) Concurrent Cleanup for Next Mark 1.879ms
[2025-05-08T08:05:00.568+0530][gc          ] GC(2) Concurrent Mark Cycle 6.790ms
[2025-05-08T08:05:00.956+0530][gc,start    ] GC(3) Pause Young (Normal) (G1 Evacuation Pause)
[2025-05-08T08:05:00.956+0530][gc,task     ] GC(3) Using 13 workers of 13 for evacuation
[2025-05-08T08:05:00.958+0530][gc,phases   ] GC(3)   Pre Evacuate Collection Set: 0.1ms
[2025-05-08T08:05:00.958+0530][gc,phases   ] GC(3)   Merge Heap Roots: 0.0ms
[2025-05-08T08:05:00.958+0530][gc,phases   ] GC(3)   Evacuate Collection Set: 1.4ms
[2025-05-08T08:05:00.958+0530][gc,phases   ] GC(3)   Post Evacuate Collection Set: 1.1ms
[2025-05-08T08:05:00.958+0530][gc,phases   ] GC(3)   Other: 0.1ms
[2025-05-08T08:05:00.958+0530][gc,heap     ] GC(3) Eden regions: 49->0(45)
[2025-05-08T08:05:00.958+0530][gc,heap     ] GC(3) Survivor regions: 2->6(7)
[2025-05-08T08:05:00.958+0530][gc,heap     ] GC(3) Old regions: 8->8
[2025-05-08T08:05:00.958+0530][gc,heap     ] GC(3) Archive regions: 2->2
[2025-05-08T08:05:00.958+0530][gc,heap     ] GC(3) Humongous regions: 9->9
[2025-05-08T08:05:00.958+0530][gc,metaspace] GC(3) Metaspace: 33566K(34048K)->33566K(34048K) NonClass: 29622K(29888K)->29622K(29888K) Class: 3943K(4160K)->3943K(4160K)
[2025-05-08T08:05:00.959+0530][gc          ] GC(3) Pause Young (Normal) (G1 Evacuation Pause) 67M->23M(1024M) 2.755ms
[2025-05-08T08:05:00.959+0530][gc,cpu      ] GC(3) User=0.02s Sys=0.00s Real=0.00s
[2025-05-08T08:05:01.021+0530][gc,start    ] GC(4) Pause Young (Concurrent Start) (Metadata GC Threshold)
[2025-05-08T08:05:01.021+0530][gc,task     ] GC(4) Using 13 workers of 13 for evacuation
[2025-05-08T08:05:01.029+0530][gc,phases   ] GC(4)   Pre Evacuate Collection Set: 0.9ms
[2025-05-08T08:05:01.030+0530][gc,phases   ] GC(4)   Merge Heap Roots: 0.1ms
[2025-05-08T08:05:01.030+0530][gc,phases   ] GC(4)   Evacuate Collection Set: 6.7ms
[2025-05-08T08:05:01.030+0530][gc,phases   ] GC(4)   Post Evacuate Collection Set: 0.6ms
[2025-05-08T08:05:01.030+0530][gc,phases   ] GC(4)   Other: 0.1ms
[2025-05-08T08:05:01.030+0530][gc,heap     ] GC(4) Eden regions: 11->0(49)
[2025-05-08T08:05:01.030+0530][gc,heap     ] GC(4) Survivor regions: 6->2(7)
[2025-05-08T08:05:01.030+0530][gc,heap     ] GC(4) Old regions: 8->14
[2025-05-08T08:05:01.030+0530][gc,heap     ] GC(4) Archive regions: 2->2
[2025-05-08T08:05:01.030+0530][gc,heap     ] GC(4) Humongous regions: 9->9
[2025-05-08T08:05:01.030+0530][gc,metaspace] GC(4) Metaspace: 35670K(36096K)->35670K(36096K) NonClass: 31488K(31680K)->31488K(31680K) Class: 4181K(4416K)->4181K(4416K)
[2025-05-08T08:05:01.030+0530][gc          ] GC(4) Pause Young (Concurrent Start) (Metadata GC Threshold) 34M->24M(1024M) 8.937ms
[2025-05-08T08:05:01.030+0530][gc,cpu      ] GC(4) User=0.02s Sys=0.00s Real=0.01s
[2025-05-08T08:05:01.030+0530][gc          ] GC(5) Concurrent Mark Cycle
[2025-05-08T08:05:01.030+0530][gc,marking  ] GC(5) Concurrent Clear Claimed Marks
[2025-05-08T08:05:01.030+0530][gc,marking  ] GC(5) Concurrent Clear Claimed Marks 0.027ms
[2025-05-08T08:05:01.030+0530][gc,marking  ] GC(5) Concurrent Scan Root Regions
[2025-05-08T08:05:01.032+0530][gc,marking  ] GC(5) Concurrent Scan Root Regions 1.761ms
[2025-05-08T08:05:01.032+0530][gc,marking  ] GC(5) Concurrent Mark
[2025-05-08T08:05:01.032+0530][gc,marking  ] GC(5) Concurrent Mark From Roots
[2025-05-08T08:05:01.032+0530][gc,task     ] GC(5) Using 3 workers of 3 for marking
[2025-05-08T08:05:01.035+0530][gc,marking  ] GC(5) Concurrent Mark From Roots 3.106ms
[2025-05-08T08:05:01.035+0530][gc,marking  ] GC(5) Concurrent Preclean
[2025-05-08T08:05:01.035+0530][gc,marking  ] GC(5) Concurrent Preclean 0.074ms
[2025-05-08T08:05:01.035+0530][gc,start    ] GC(5) Pause Remark
[2025-05-08T08:05:01.036+0530][gc          ] GC(5) Pause Remark 25M->25M(1024M) 0.724ms
[2025-05-08T08:05:01.036+0530][gc,cpu      ] GC(5) User=0.00s Sys=0.00s Real=0.00s
[2025-05-08T08:05:01.036+0530][gc,marking  ] GC(5) Concurrent Mark 4.104ms
[2025-05-08T08:05:01.036+0530][gc,marking  ] GC(5) Concurrent Rebuild Remembered Sets
[2025-05-08T08:05:01.038+0530][gc,marking  ] GC(5) Concurrent Rebuild Remembered Sets 2.168ms
[2025-05-08T08:05:01.038+0530][gc,start    ] GC(5) Pause Cleanup
[2025-05-08T08:05:01.039+0530][gc          ] GC(5) Pause Cleanup 25M->25M(1024M) 0.142ms
[2025-05-08T08:05:01.039+0530][gc,cpu      ] GC(5) User=0.00s Sys=0.00s Real=0.00s
[2025-05-08T08:05:01.039+0530][gc,marking  ] GC(5) Concurrent Cleanup for Next Mark
[2025-05-08T08:05:01.041+0530][gc,marking  ] GC(5) Concurrent Cleanup for Next Mark 2.233ms
[2025-05-08T08:05:01.041+0530][gc          ] GC(5) Concurrent Mark Cycle 10.708ms
[2025-05-08T08:07:06.038+0530][gc,start    ] GC(6) Pause Young (Normal) (G1 Evacuation Pause)
[2025-05-08T08:07:06.038+0530][gc,task     ] GC(6) Using 13 workers of 13 for evacuation
[2025-05-08T08:07:06.040+0530][gc,phases   ] GC(6)   Pre Evacuate Collection Set: 0.1ms
[2025-05-08T08:07:06.040+0530][gc,phases   ] GC(6)   Merge Heap Roots: 0.0ms
[2025-05-08T08:07:06.040+0530][gc,phases   ] GC(6)   Evacuate Collection Set: 1.3ms
[2025-05-08T08:07:06.040+0530][gc,phases   ] GC(6)   Post Evacuate Collection Set: 0.3ms
[2025-05-08T08:07:06.040+0530][gc,phases   ] GC(6)   Other: 0.1ms
[2025-05-08T08:07:06.040+0530][gc,heap     ] GC(6) Eden regions: 49->0(44)
[2025-05-08T08:07:06.040+0530][gc,heap     ] GC(6) Survivor regions: 2->7(7)
[2025-05-08T08:07:06.040+0530][gc,heap     ] GC(6) Old regions: 14->15
[2025-05-08T08:07:06.040+0530][gc,heap     ] GC(6) Archive regions: 2->2
[2025-05-08T08:07:06.040+0530][gc,heap     ] GC(6) Humongous regions: 138->138
[2025-05-08T08:07:06.040+0530][gc,metaspace] GC(6) Metaspace: 42953K(43520K)->42953K(43520K) NonClass: 37972K(38272K)->37972K(38272K) Class: 4980K(5248K)->4980K(5248K)
[2025-05-08T08:07:06.040+0530][gc          ] GC(6) Pause Young (Normal) (G1 Evacuation Pause) 202M->160M(1024M) 1.959ms
[2025-05-08T08:07:06.040+0530][gc,cpu      ] GC(6) User=0.01s Sys=0.01s Real=0.00s
[2025-05-08T08:14:35.868+0530][gc,start    ] GC(7) Pause Young (Normal) (G1 Evacuation Pause)
[2025-05-08T08:14:35.868+0530][gc,task     ] GC(7) Using 13 workers of 13 for evacuation
[2025-05-08T08:14:35.870+0530][gc,phases   ] GC(7)   Pre Evacuate Collection Set: 0.1ms
[2025-05-08T08:14:35.870+0530][gc,phases   ] GC(7)   Merge Heap Roots: 0.0ms
[2025-05-08T08:14:35.870+0530][gc,phases   ] GC(7)   Evacuate Collection Set: 1.7ms
[2025-05-08T08:14:35.871+0530][gc,phases   ] GC(7)   Post Evacuate Collection Set: 0.3ms
[2025-05-08T08:14:35.871+0530][gc,phases   ] GC(7)   Other: 0.1ms
[2025-05-08T08:14:35.871+0530][gc,heap     ] GC(7) Eden regions: 44->0(49)
[2025-05-08T08:14:35.871+0530][gc,heap     ] GC(7) Survivor regions: 7->2(7)
[2025-05-08T08:14:35.871+0530][gc,heap     ] GC(7) Old regions: 15->22
[2025-05-08T08:14:35.871+0530][gc,heap     ] GC(7) Archive regions: 2->2
[2025-05-08T08:14:35.871+0530][gc,heap     ] GC(7) Humongous regions: 138->138
[2025-05-08T08:14:35.871+0530][gc,metaspace] GC(7) Metaspace: 45471K(46272K)->45471K(46272K) NonClass: 40108K(40512K)->40108K(40512K) Class: 5363K(5760K)->5363K(5760K)
[2025-05-08T08:14:35.871+0530][gc          ] GC(7) Pause Young (Normal) (G1 Evacuation Pause) 204M->161M(1024M) 2.179ms
[2025-05-08T08:14:35.871+0530][gc,cpu      ] GC(7) User=0.02s Sys=0.00s Real=0.00s
