[2025-05-08T09:46:13.758+0530][gc] Using G1
[2025-05-08T09:46:13.763+0530][gc,init] Version: 17.0.14+7-Ubuntu-124.04 (release)
[2025-05-08T09:46:13.763+0530][gc,init] CPUs: 16 total, 16 available
[2025-05-08T09:46:13.763+0530][gc,init] Memory: 31918M
[2025-05-08T09:46:13.763+0530][gc,init] Large Page Support: Disabled
[2025-05-08T09:46:13.763+0530][gc,init] NUMA Support: Disabled
[2025-05-08T09:46:13.763+0530][gc,init] Compressed Oops: Enabled (32-bit)
[2025-05-08T09:46:13.763+0530][gc,init] Heap Region Size: 1M
[2025-05-08T09:46:13.763+0530][gc,init] Heap Min Capacity: 1G
[2025-05-08T09:46:13.763+0530][gc,init] Heap Initial Capacity: 1G
[2025-05-08T09:46:13.763+0530][gc,init] Heap Max Capacity: 1G
[2025-05-08T09:46:13.763+0530][gc,init] Pre-touch: Disabled
[2025-05-08T09:46:13.763+0530][gc,init] Parallel Workers: 13
[2025-05-08T09:46:13.763+0530][gc,init] Concurrent Workers: 3
[2025-05-08T09:46:13.763+0530][gc,init] Concurrent Refinement Workers: 13
[2025-05-08T09:46:13.763+0530][gc,init] Periodic GC: Disabled
[2025-05-08T09:46:13.766+0530][gc,metaspace] CDS archive(s) mapped at: [0x00007eccc7000000-0x00007eccc7bc9000-0x00007eccc7bc9000), size 12357632, SharedBaseAddress: 0x00007eccc7000000, ArchiveRelocationMode: 1.
[2025-05-08T09:46:13.766+0530][gc,metaspace] Compressed class space mapped at: 0x00007eccc8000000-0x00007ecd08000000, reserved size: 1073741824
[2025-05-08T09:46:13.766+0530][gc,metaspace] Narrow klass base: 0x00007eccc7000000, Narrow klass shift: 0, Narrow klass range: 0x100000000
[2025-05-08T09:46:14.223+0530][gc,start    ] GC(0) Pause Young (Normal) (G1 Evacuation Pause)
[2025-05-08T09:46:14.223+0530][gc,task     ] GC(0) Using 13 workers of 13 for evacuation
[2025-05-08T09:46:14.225+0530][gc,phases   ] GC(0)   Pre Evacuate Collection Set: 0.0ms
[2025-05-08T09:46:14.225+0530][gc,phases   ] GC(0)   Merge Heap Roots: 0.0ms
[2025-05-08T09:46:14.225+0530][gc,phases   ] GC(0)   Evacuate Collection Set: 1.5ms
[2025-05-08T09:46:14.225+0530][gc,phases   ] GC(0)   Post Evacuate Collection Set: 0.2ms
[2025-05-08T09:46:14.225+0530][gc,phases   ] GC(0)   Other: 0.6ms
[2025-05-08T09:46:14.225+0530][gc,heap     ] GC(0) Eden regions: 51->0(44)
[2025-05-08T09:46:14.225+0530][gc,heap     ] GC(0) Survivor regions: 0->7(7)
[2025-05-08T09:46:14.225+0530][gc,heap     ] GC(0) Old regions: 0->1
[2025-05-08T09:46:14.225+0530][gc,heap     ] GC(0) Archive regions: 2->2
[2025-05-08T09:46:14.225+0530][gc,heap     ] GC(0) Humongous regions: 0->0
[2025-05-08T09:46:14.225+0530][gc,metaspace] GC(0) Metaspace: 16544K(16768K)->16544K(16768K) NonClass: 14643K(14784K)->14643K(14784K) Class: 1900K(1984K)->1900K(1984K)
[2025-05-08T09:46:14.225+0530][gc          ] GC(0) Pause Young (Normal) (G1 Evacuation Pause) 51M->8M(1024M) 2.516ms
[2025-05-08T09:46:14.225+0530][gc,cpu      ] GC(0) User=0.01s Sys=0.01s Real=0.00s
[2025-05-08T09:46:14.349+0530][gc,start    ] GC(1) Pause Young (Concurrent Start) (Metadata GC Threshold)
[2025-05-08T09:46:14.349+0530][gc,task     ] GC(1) Using 13 workers of 13 for evacuation
[2025-05-08T09:46:14.351+0530][gc,phases   ] GC(1)   Pre Evacuate Collection Set: 0.1ms
[2025-05-08T09:46:14.351+0530][gc,phases   ] GC(1)   Merge Heap Roots: 0.0ms
[2025-05-08T09:46:14.351+0530][gc,phases   ] GC(1)   Evacuate Collection Set: 1.3ms
[2025-05-08T09:46:14.351+0530][gc,phases   ] GC(1)   Post Evacuate Collection Set: 0.2ms
[2025-05-08T09:46:14.351+0530][gc,phases   ] GC(1)   Other: 0.1ms
[2025-05-08T09:46:14.351+0530][gc,heap     ] GC(1) Eden regions: 15->0(49)
[2025-05-08T09:46:14.351+0530][gc,heap     ] GC(1) Survivor regions: 7->2(7)
[2025-05-08T09:46:14.351+0530][gc,heap     ] GC(1) Old regions: 1->8
[2025-05-08T09:46:14.351+0530][gc,heap     ] GC(1) Archive regions: 2->2
[2025-05-08T09:46:14.351+0530][gc,heap     ] GC(1) Humongous regions: 0->0
[2025-05-08T09:46:14.351+0530][gc,metaspace] GC(1) Metaspace: 21256K(21504K)->21256K(21504K) NonClass: 18642K(18752K)->18642K(18752K) Class: 2614K(2752K)->2614K(2752K)
[2025-05-08T09:46:14.351+0530][gc          ] GC(1) Pause Young (Concurrent Start) (Metadata GC Threshold) 23M->10M(1024M) 1.807ms
[2025-05-08T09:46:14.351+0530][gc,cpu      ] GC(1) User=0.02s Sys=0.00s Real=0.00s
[2025-05-08T09:46:14.351+0530][gc          ] GC(2) Concurrent Mark Cycle
[2025-05-08T09:46:14.351+0530][gc,marking  ] GC(2) Concurrent Clear Claimed Marks
[2025-05-08T09:46:14.351+0530][gc,marking  ] GC(2) Concurrent Clear Claimed Marks 0.011ms
[2025-05-08T09:46:14.351+0530][gc,marking  ] GC(2) Concurrent Scan Root Regions
[2025-05-08T09:46:14.352+0530][gc,marking  ] GC(2) Concurrent Scan Root Regions 1.019ms
[2025-05-08T09:46:14.352+0530][gc,marking  ] GC(2) Concurrent Mark
[2025-05-08T09:46:14.352+0530][gc,marking  ] GC(2) Concurrent Mark From Roots
[2025-05-08T09:46:14.352+0530][gc,task     ] GC(2) Using 3 workers of 3 for marking
[2025-05-08T09:46:14.353+0530][gc,marking  ] GC(2) Concurrent Mark From Roots 1.040ms
[2025-05-08T09:46:14.353+0530][gc,marking  ] GC(2) Concurrent Preclean
[2025-05-08T09:46:14.353+0530][gc,marking  ] GC(2) Concurrent Preclean 0.045ms
[2025-05-08T09:46:14.353+0530][gc,start    ] GC(2) Pause Remark
[2025-05-08T09:46:14.354+0530][gc          ] GC(2) Pause Remark 10M->10M(1024M) 0.811ms
[2025-05-08T09:46:14.354+0530][gc,cpu      ] GC(2) User=0.00s Sys=0.00s Real=0.00s
[2025-05-08T09:46:14.354+0530][gc,marking  ] GC(2) Concurrent Mark 1.975ms
[2025-05-08T09:46:14.354+0530][gc,marking  ] GC(2) Concurrent Rebuild Remembered Sets
[2025-05-08T09:46:14.355+0530][gc,marking  ] GC(2) Concurrent Rebuild Remembered Sets 1.056ms
[2025-05-08T09:46:14.355+0530][gc,start    ] GC(2) Pause Cleanup
[2025-05-08T09:46:14.355+0530][gc          ] GC(2) Pause Cleanup 10M->10M(1024M) 0.102ms
[2025-05-08T09:46:14.355+0530][gc,cpu      ] GC(2) User=0.00s Sys=0.00s Real=0.00s
[2025-05-08T09:46:14.355+0530][gc,marking  ] GC(2) Concurrent Cleanup for Next Mark
[2025-05-08T09:46:14.357+0530][gc,marking  ] GC(2) Concurrent Cleanup for Next Mark 1.987ms
[2025-05-08T09:46:14.357+0530][gc          ] GC(2) Concurrent Mark Cycle 6.445ms
[2025-05-08T09:46:14.731+0530][gc,start    ] GC(3) Pause Young (Normal) (G1 Evacuation Pause)
[2025-05-08T09:46:14.731+0530][gc,task     ] GC(3) Using 13 workers of 13 for evacuation
[2025-05-08T09:46:14.733+0530][gc,phases   ] GC(3)   Pre Evacuate Collection Set: 0.0ms
[2025-05-08T09:46:14.733+0530][gc,phases   ] GC(3)   Merge Heap Roots: 0.0ms
[2025-05-08T09:46:14.734+0530][gc,phases   ] GC(3)   Evacuate Collection Set: 1.6ms
[2025-05-08T09:46:14.734+0530][gc,phases   ] GC(3)   Post Evacuate Collection Set: 0.3ms
[2025-05-08T09:46:14.734+0530][gc,phases   ] GC(3)   Other: 0.1ms
[2025-05-08T09:46:14.734+0530][gc,heap     ] GC(3) Eden regions: 49->0(45)
[2025-05-08T09:46:14.734+0530][gc,heap     ] GC(3) Survivor regions: 2->6(7)
[2025-05-08T09:46:14.734+0530][gc,heap     ] GC(3) Old regions: 8->8
[2025-05-08T09:46:14.734+0530][gc,heap     ] GC(3) Archive regions: 2->2
[2025-05-08T09:46:14.734+0530][gc,heap     ] GC(3) Humongous regions: 9->9
[2025-05-08T09:46:14.734+0530][gc,metaspace] GC(3) Metaspace: 33328K(33728K)->33328K(33728K) NonClass: 29425K(29632K)->29425K(29632K) Class: 3903K(4096K)->3903K(4096K)
[2025-05-08T09:46:14.734+0530][gc          ] GC(3) Pause Young (Normal) (G1 Evacuation Pause) 68M->23M(1024M) 2.089ms
[2025-05-08T09:46:14.734+0530][gc,cpu      ] GC(3) User=0.02s Sys=0.00s Real=0.00s
[2025-05-08T09:46:14.802+0530][gc,start    ] GC(4) Pause Young (Concurrent Start) (Metadata GC Threshold)
[2025-05-08T09:46:14.802+0530][gc,task     ] GC(4) Using 13 workers of 13 for evacuation
[2025-05-08T09:46:14.805+0530][gc,phases   ] GC(4)   Pre Evacuate Collection Set: 0.1ms
[2025-05-08T09:46:14.805+0530][gc,phases   ] GC(4)   Merge Heap Roots: 0.0ms
[2025-05-08T09:46:14.805+0530][gc,phases   ] GC(4)   Evacuate Collection Set: 2.1ms
[2025-05-08T09:46:14.805+0530][gc,phases   ] GC(4)   Post Evacuate Collection Set: 0.4ms
[2025-05-08T09:46:14.805+0530][gc,phases   ] GC(4)   Other: 0.2ms
[2025-05-08T09:46:14.805+0530][gc,heap     ] GC(4) Eden regions: 12->0(49)
[2025-05-08T09:46:14.805+0530][gc,heap     ] GC(4) Survivor regions: 6->2(7)
[2025-05-08T09:46:14.805+0530][gc,heap     ] GC(4) Old regions: 8->14
[2025-05-08T09:46:14.805+0530][gc,heap     ] GC(4) Archive regions: 2->2
[2025-05-08T09:46:14.805+0530][gc,heap     ] GC(4) Humongous regions: 9->9
[2025-05-08T09:46:14.805+0530][gc,metaspace] GC(4) Metaspace: 35671K(36096K)->35671K(36096K) NonClass: 31489K(31680K)->31489K(31680K) Class: 4182K(4416K)->4182K(4416K)
[2025-05-08T09:46:14.805+0530][gc          ] GC(4) Pause Young (Concurrent Start) (Metadata GC Threshold) 34M->24M(1024M) 2.991ms
[2025-05-08T09:46:14.805+0530][gc,cpu      ] GC(4) User=0.03s Sys=0.00s Real=0.00s
[2025-05-08T09:46:14.805+0530][gc          ] GC(5) Concurrent Mark Cycle
[2025-05-08T09:46:14.805+0530][gc,marking  ] GC(5) Concurrent Clear Claimed Marks
[2025-05-08T09:46:14.806+0530][gc,marking  ] GC(5) Concurrent Clear Claimed Marks 0.064ms
[2025-05-08T09:46:14.806+0530][gc,marking  ] GC(5) Concurrent Scan Root Regions
[2025-05-08T09:46:14.807+0530][gc,marking  ] GC(5) Concurrent Scan Root Regions 1.602ms
[2025-05-08T09:46:14.807+0530][gc,marking  ] GC(5) Concurrent Mark
[2025-05-08T09:46:14.807+0530][gc,marking  ] GC(5) Concurrent Mark From Roots
[2025-05-08T09:46:14.807+0530][gc,task     ] GC(5) Using 3 workers of 3 for marking
[2025-05-08T09:46:14.810+0530][gc,marking  ] GC(5) Concurrent Mark From Roots 3.113ms
[2025-05-08T09:46:14.810+0530][gc,marking  ] GC(5) Concurrent Preclean
[2025-05-08T09:46:14.810+0530][gc,marking  ] GC(5) Concurrent Preclean 0.126ms
[2025-05-08T09:46:14.811+0530][gc,start    ] GC(5) Pause Remark
[2025-05-08T09:46:14.811+0530][gc          ] GC(5) Pause Remark 25M->25M(1024M) 0.870ms
[2025-05-08T09:46:14.811+0530][gc,cpu      ] GC(5) User=0.01s Sys=0.00s Real=0.00s
[2025-05-08T09:46:14.811+0530][gc,marking  ] GC(5) Concurrent Mark 4.319ms
[2025-05-08T09:46:14.811+0530][gc,marking  ] GC(5) Concurrent Rebuild Remembered Sets
[2025-05-08T09:46:14.814+0530][gc,marking  ] GC(5) Concurrent Rebuild Remembered Sets 2.145ms
[2025-05-08T09:46:14.814+0530][gc,start    ] GC(5) Pause Cleanup
[2025-05-08T09:46:14.814+0530][gc          ] GC(5) Pause Cleanup 25M->25M(1024M) 0.110ms
[2025-05-08T09:46:14.814+0530][gc,cpu      ] GC(5) User=0.00s Sys=0.00s Real=0.00s
[2025-05-08T09:46:14.814+0530][gc,marking  ] GC(5) Concurrent Cleanup for Next Mark
[2025-05-08T09:46:14.816+0530][gc,marking  ] GC(5) Concurrent Cleanup for Next Mark 2.235ms
[2025-05-08T09:46:14.816+0530][gc          ] GC(5) Concurrent Mark Cycle 10.777ms
[2025-05-08T09:46:56.915+0530][gc,start    ] GC(6) Pause Young (Normal) (G1 Evacuation Pause)
[2025-05-08T09:46:56.915+0530][gc,task     ] GC(6) Using 13 workers of 13 for evacuation
[2025-05-08T09:46:56.917+0530][gc,phases   ] GC(6)   Pre Evacuate Collection Set: 0.1ms
[2025-05-08T09:46:56.917+0530][gc,phases   ] GC(6)   Merge Heap Roots: 0.0ms
[2025-05-08T09:46:56.917+0530][gc,phases   ] GC(6)   Evacuate Collection Set: 1.7ms
[2025-05-08T09:46:56.917+0530][gc,phases   ] GC(6)   Post Evacuate Collection Set: 0.3ms
[2025-05-08T09:46:56.917+0530][gc,phases   ] GC(6)   Other: 0.1ms
[2025-05-08T09:46:56.917+0530][gc,heap     ] GC(6) Eden regions: 49->0(44)
[2025-05-08T09:46:56.917+0530][gc,heap     ] GC(6) Survivor regions: 2->7(7)
[2025-05-08T09:46:56.917+0530][gc,heap     ] GC(6) Old regions: 14->15
[2025-05-08T09:46:56.917+0530][gc,heap     ] GC(6) Archive regions: 2->2
[2025-05-08T09:46:56.917+0530][gc,heap     ] GC(6) Humongous regions: 138->138
[2025-05-08T09:46:56.917+0530][gc,metaspace] GC(6) Metaspace: 43451K(44160K)->43451K(44160K) NonClass: 38269K(38656K)->38269K(38656K) Class: 5181K(5504K)->5181K(5504K)
[2025-05-08T09:46:56.917+0530][gc          ] GC(6) Pause Young (Normal) (G1 Evacuation Pause) 202M->160M(1024M) 2.309ms
[2025-05-08T09:46:56.917+0530][gc,cpu      ] GC(6) User=0.03s Sys=0.00s Real=0.01s
[2025-05-08T09:54:30.032+0530][gc,start    ] GC(7) Pause Young (Normal) (G1 Evacuation Pause)
[2025-05-08T09:54:30.032+0530][gc,task     ] GC(7) Using 13 workers of 13 for evacuation
[2025-05-08T09:54:30.033+0530][gc,phases   ] GC(7)   Pre Evacuate Collection Set: 0.1ms
[2025-05-08T09:54:30.034+0530][gc,phases   ] GC(7)   Merge Heap Roots: 0.0ms
[2025-05-08T09:54:30.034+0530][gc,phases   ] GC(7)   Evacuate Collection Set: 1.6ms
[2025-05-08T09:54:30.034+0530][gc,phases   ] GC(7)   Post Evacuate Collection Set: 0.2ms
[2025-05-08T09:54:30.034+0530][gc,phases   ] GC(7)   Other: 0.1ms
[2025-05-08T09:54:30.034+0530][gc,heap     ] GC(7) Eden regions: 44->0(49)
[2025-05-08T09:54:30.034+0530][gc,heap     ] GC(7) Survivor regions: 7->2(7)
[2025-05-08T09:54:30.034+0530][gc,heap     ] GC(7) Old regions: 15->22
[2025-05-08T09:54:30.034+0530][gc,heap     ] GC(7) Archive regions: 2->2
[2025-05-08T09:54:30.034+0530][gc,heap     ] GC(7) Humongous regions: 138->138
[2025-05-08T09:54:30.034+0530][gc,metaspace] GC(7) Metaspace: 45577K(46336K)->45577K(46336K) NonClass: 40226K(40640K)->40226K(40640K) Class: 5350K(5696K)->5350K(5696K)
[2025-05-08T09:54:30.034+0530][gc          ] GC(7) Pause Young (Normal) (G1 Evacuation Pause) 204M->162M(1024M) 2.030ms
[2025-05-08T09:54:30.034+0530][gc,cpu      ] GC(7) User=0.01s Sys=0.01s Real=0.00s
[2025-05-08T10:02:15.045+0530][gc,start    ] GC(8) Pause Young (Normal) (G1 Evacuation Pause)
[2025-05-08T10:02:15.045+0530][gc,task     ] GC(8) Using 13 workers of 13 for evacuation
[2025-05-08T10:02:15.048+0530][gc,phases   ] GC(8)   Pre Evacuate Collection Set: 0.3ms
[2025-05-08T10:02:15.048+0530][gc,phases   ] GC(8)   Merge Heap Roots: 0.1ms
[2025-05-08T10:02:15.048+0530][gc,phases   ] GC(8)   Evacuate Collection Set: 2.2ms
[2025-05-08T10:02:15.048+0530][gc,phases   ] GC(8)   Post Evacuate Collection Set: 0.3ms
[2025-05-08T10:02:15.048+0530][gc,phases   ] GC(8)   Other: 0.2ms
[2025-05-08T10:02:15.048+0530][gc,heap     ] GC(8) Eden regions: 49->0(51)
[2025-05-08T10:02:15.048+0530][gc,heap     ] GC(8) Survivor regions: 2->3(7)
[2025-05-08T10:02:15.048+0530][gc,heap     ] GC(8) Old regions: 22->22
[2025-05-08T10:02:15.048+0530][gc,heap     ] GC(8) Archive regions: 2->2
[2025-05-08T10:02:15.048+0530][gc,heap     ] GC(8) Humongous regions: 138->138
[2025-05-08T10:02:15.048+0530][gc,metaspace] GC(8) Metaspace: 47131K(48000K)->47131K(48000K) NonClass: 41592K(42048K)->41592K(42048K) Class: 5539K(5952K)->5539K(5952K)
[2025-05-08T10:02:15.048+0530][gc          ] GC(8) Pause Young (Normal) (G1 Evacuation Pause) 211M->163M(1024M) 3.001ms
[2025-05-08T10:02:15.048+0530][gc,cpu      ] GC(8) User=0.02s Sys=0.00s Real=0.01s
[2025-05-08T10:06:10.346+0530][gc,start    ] GC(9) Pause Young (Normal) (G1 Evacuation Pause)
[2025-05-08T10:06:10.346+0530][gc,task     ] GC(9) Using 13 workers of 13 for evacuation
[2025-05-08T10:06:10.349+0530][gc,phases   ] GC(9)   Pre Evacuate Collection Set: 0.1ms
[2025-05-08T10:06:10.349+0530][gc,phases   ] GC(9)   Merge Heap Roots: 0.0ms
[2025-05-08T10:06:10.349+0530][gc,phases   ] GC(9)   Evacuate Collection Set: 2.0ms
[2025-05-08T10:06:10.349+0530][gc,phases   ] GC(9)   Post Evacuate Collection Set: 0.5ms
[2025-05-08T10:06:10.349+0530][gc,phases   ] GC(9)   Other: 0.1ms
[2025-05-08T10:06:10.349+0530][gc,heap     ] GC(9) Eden regions: 51->0(55)
[2025-05-08T10:06:10.349+0530][gc,heap     ] GC(9) Survivor regions: 3->5(7)
[2025-05-08T10:06:10.349+0530][gc,heap     ] GC(9) Old regions: 22->22
[2025-05-08T10:06:10.349+0530][gc,heap     ] GC(9) Archive regions: 2->2
[2025-05-08T10:06:10.349+0530][gc,heap     ] GC(9) Humongous regions: 140->140
[2025-05-08T10:06:10.349+0530][gc,metaspace] GC(9) Metaspace: 48925K(49856K)->48925K(49856K) NonClass: 43229K(43712K)->43229K(43712K) Class: 5696K(6144K)->5696K(6144K)
[2025-05-08T10:06:10.349+0530][gc          ] GC(9) Pause Young (Normal) (G1 Evacuation Pause) 216M->167M(1024M) 2.770ms
[2025-05-08T10:06:10.349+0530][gc,cpu      ] GC(9) User=0.03s Sys=0.00s Real=0.00s
[2025-05-08T10:10:00.031+0530][gc,start    ] GC(10) Pause Young (Normal) (G1 Evacuation Pause)
[2025-05-08T10:10:00.031+0530][gc,task     ] GC(10) Using 13 workers of 13 for evacuation
[2025-05-08T10:10:00.034+0530][gc,phases   ] GC(10)   Pre Evacuate Collection Set: 0.1ms
[2025-05-08T10:10:00.034+0530][gc,phases   ] GC(10)   Merge Heap Roots: 0.1ms
[2025-05-08T10:10:00.034+0530][gc,phases   ] GC(10)   Evacuate Collection Set: 1.8ms
[2025-05-08T10:10:00.034+0530][gc,phases   ] GC(10)   Post Evacuate Collection Set: 0.3ms
[2025-05-08T10:10:00.034+0530][gc,phases   ] GC(10)   Other: 0.1ms
[2025-05-08T10:10:00.034+0530][gc,heap     ] GC(10) Eden regions: 55->0(92)
[2025-05-08T10:10:00.034+0530][gc,heap     ] GC(10) Survivor regions: 5->6(8)
[2025-05-08T10:10:00.034+0530][gc,heap     ] GC(10) Old regions: 22->23
[2025-05-08T10:10:00.034+0530][gc,heap     ] GC(10) Archive regions: 2->2
[2025-05-08T10:10:00.034+0530][gc,heap     ] GC(10) Humongous regions: 140->140
[2025-05-08T10:10:00.034+0530][gc,metaspace] GC(10) Metaspace: 49570K(50496K)->49570K(50496K) NonClass: 43824K(44288K)->43824K(44288K) Class: 5746K(6208K)->5746K(6208K)
[2025-05-08T10:10:00.034+0530][gc          ] GC(10) Pause Young (Normal) (G1 Evacuation Pause) 222M->169M(1024M) 2.384ms
[2025-05-08T10:10:00.034+0530][gc,cpu      ] GC(10) User=0.01s Sys=0.01s Real=0.00s
[2025-05-08T10:21:13.613+0530][gc,start    ] GC(11) Pause Young (Normal) (G1 Evacuation Pause)
[2025-05-08T10:21:13.621+0530][gc,task     ] GC(11) Using 13 workers of 13 for evacuation
[2025-05-08T10:21:13.623+0530][gc,phases   ] GC(11)   Pre Evacuate Collection Set: 0.1ms
[2025-05-08T10:21:13.623+0530][gc,phases   ] GC(11)   Merge Heap Roots: 0.1ms
[2025-05-08T10:21:13.623+0530][gc,phases   ] GC(11)   Evacuate Collection Set: 1.9ms
[2025-05-08T10:21:13.623+0530][gc,phases   ] GC(11)   Post Evacuate Collection Set: 0.3ms
[2025-05-08T10:21:13.623+0530][gc,phases   ] GC(11)   Other: 7.7ms
[2025-05-08T10:21:13.623+0530][gc,heap     ] GC(11) Eden regions: 92->0(191)
[2025-05-08T10:21:13.623+0530][gc,heap     ] GC(11) Survivor regions: 6->7(13)
[2025-05-08T10:21:13.623+0530][gc,heap     ] GC(11) Old regions: 23->23
[2025-05-08T10:21:13.623+0530][gc,heap     ] GC(11) Archive regions: 2->2
[2025-05-08T10:21:13.623+0530][gc,heap     ] GC(11) Humongous regions: 140->140
[2025-05-08T10:21:13.623+0530][gc,metaspace] GC(11) Metaspace: 49696K(50624K)->49696K(50624K) NonClass: 43939K(44416K)->43939K(44416K) Class: 5757K(6208K)->5757K(6208K)
[2025-05-08T10:21:13.623+0530][gc          ] GC(11) Pause Young (Normal) (G1 Evacuation Pause) 261M->170M(1024M) 10.228ms
[2025-05-08T10:21:13.623+0530][gc,cpu      ] GC(11) User=0.02s Sys=0.00s Real=0.01s
[2025-05-08T10:25:18.833+0530][gc,heap,exit] Heap
[2025-05-08T10:25:18.833+0530][gc,heap,exit]  garbage-first heap   total 1048576K, used 224727K [0x00000000c0000000, 0x0000000100000000)
[2025-05-08T10:25:18.833+0530][gc,heap,exit]   region size 1024K, 57 young (58368K), 7 survivors (7168K)
[2025-05-08T10:25:18.833+0530][gc,heap,exit]  Metaspace       used 50890K, committed 51840K, reserved 1114112K
[2025-05-08T10:25:18.833+0530][gc,heap,exit]   class space    used 5990K, committed 6464K, reserved 1048576K
